 winctl

 Timestamp is 573b143d (Tue May 17 18:23:17 2016)

 Preferred load address is 0000000180000000

 Start         Length     Name                   Class
 0001:00000000 000001dbH .text                   CODE
 0001:000001e0 0000002cH .text$di                CODE
 0001:00000210 00014327H .text$mn                CODE
 0001:00014540 00000012H .text$mn$00             CODE
 0001:00014560 00000270H .text$x                 CODE
 0001:000147d0 00000003H .text$yd                CODE
 0002:00000000 00000438H .idata$5                DATA
 0002:00000438 00000010H .00cfg                  DATA
 0002:00000448 00000008H .CRT$XCA                DATA
 0002:00000450 00000018H .CRT$XCU                DATA
 0002:00000468 00000008H .CRT$XCZ                DATA
 0002:00000470 00000008H .CRT$XIA                DATA
 0002:00000478 00000018H .CRT$XIC                DATA
 0002:00000490 00000008H .CRT$XIZ                DATA
 0002:00000498 00000008H .CRT$XPA                DATA
 0002:000004a0 00000010H .CRT$XPX                DATA
 0002:000004b0 00000008H .CRT$XPXA               DATA
 0002:000004b8 00000008H .CRT$XPZ                DATA
 0002:000004c0 00000008H .CRT$XTA                DATA
 0002:000004c8 00000008H .CRT$XTZ                DATA
 0002:000004d0 00008604H .rdata                  DATA
 0002:00008ad8 00000384H .rdata$r                DATA
 0002:00008e60 00000010H .rdata$zETW0            DATA
 0002:00008e70 00000077H .rdata$zETW1            DATA
 0002:00008ee7 0000002cH .rdata$zETW2            DATA
 0002:00008f13 00000001H .rdata$zETW9            DATA
 0002:00008f14 0000040cH .rdata$zzzdbg           DATA
 0002:00009320 00000008H .rtc$IAA                DATA
 0002:00009328 00000008H .rtc$IZZ                DATA
 0002:00009330 00000008H .rtc$TAA                DATA
 0002:00009338 00000008H .rtc$TZZ                DATA
 0002:00009340 00000eecH .xdata                  DATA
 0002:0000a230 000001e4H .xdata$x                DATA
 0002:0000a420 00000059H .edata                  DATA
 0002:0000a47c 00000064H .idata$2                DATA
 0002:0000a4e0 00000014H .idata$3                DATA
 0002:0000a4f8 00000438H .idata$4                DATA
 0002:0000a930 000012fcH .idata$6                DATA
 0003:00000000 000009c0H .data                   DATA
 0003:000009c0 00000117H .data$r                 DATA
 0003:00000ae0 000010c8H .bss                    DATA
 0004:00000000 00001320H .pdata                  DATA
 0005:00000000 00000080H .gfids$x                DATA
 0005:00000080 00000050H .gfids$y                DATA
 0006:00000000 00000058H .rsrc$01                DATA
 0006:00000060 00000180H .rsrc$02                DATA

  Address         Publics by Value              Rva+Base               Lib:Object

 0000:00000000       __guard_iat_table          0000000000000000     <absolute>
 0000:00000000       __guard_iat_count          0000000000000000     <absolute>
 0000:00000000       __guard_longjmp_table      0000000000000000     <absolute>
 0000:00000000       __guard_longjmp_count      0000000000000000     <absolute>
 0000:00000000       __guard_fids_count         0000000000000000     <absolute>
 0000:00000000       ___safe_se_handler_table   0000000000000000     <absolute>
 0000:00000000       ___safe_se_handler_count   0000000000000000     <absolute>
 0000:00000000       __guard_fids_table         0000000000000000     <absolute>
 0000:00000100       __guard_flags              0000000000000100     <absolute>
 0000:00000000       __ImageBase                0000000180000000     <linker-defined>
 0001:00000000       ?TraceLoggingRegister@__vcrt_trace_logging_provider@@YAJPEBU_TlgProvider_t@1@PEBU_GUID@@P6AX1KE_K2PEAU_EVENT_FILTER_DESCRIPTOR@@PEAX@Z4@Z 0000000180001000 f i libvcruntime:telemetry.obj
 0001:0000007c       ?_TlgEnableCallback@__vcrt_trace_logging_provider@@YAXPEBU_GUID@@KE_K1PEAU_EVENT_FILTER_DESCRIPTOR@@PEAX@Z 000000018000107c f i libvcruntime:telemetry.obj
 0001:00000140       ?_TlgWrite@__vcrt_trace_logging_provider@@YAJPEBU_TlgProvider_t@1@PEFBXPEBU_GUID@@2IPEAU_EVENT_DATA_DESCRIPTOR@@@Z 0000000180001140 f i libvcruntime:telemetry.obj
 0001:000002c0       ?New@?$Factory@VFunctionTemplate@v8@@@imp@Nan@@SA?AV?$Local@VFunctionTemplate@v8@@@v8@@P6AXAEBV?$FunctionCallbackInfo@VValue@v8@@@3@@ZV?$Local@VValue@v8@@@5@V?$Local@VSignature@v8@@@5@@Z 00000001800012c0 f i WinCtlWrap.obj
 0001:00000450       ?InitAll@@YAXV?$Local@VObject@v8@@@v8@@@Z 0000000180001450 f   WinCtlWrap.obj
 0001:00000770       ?Wrap@ObjectWrap@Nan@@IEAAXV?$Local@VObject@v8@@@v8@@@Z 0000000180001770 f i WinCtlWindow.obj
 0001:00000850       ?Ref@ObjectWrap@Nan@@MEAAXXZ 0000000180001850 f i WinCtlWindow.obj
 0001:00000890       ?Unref@ObjectWrap@Nan@@MEAAXXZ 0000000180001890 f i WinCtlWindow.obj
 0001:00000940       ?WeakCallback@ObjectWrap@Nan@@CAXAEBV?$WeakCallbackInfo@VObjectWrap@Nan@@@v8@@@Z 0000000180001940 f i WinCtlWindow.obj
 0001:000009d0       ??_EObjectWrap@Nan@@UEAAPEAXI@Z 00000001800019d0 f i * CIL library *:* CIL module *
 0001:000009d0       ??_GObjectWrap@Nan@@UEAAPEAXI@Z 00000001800019d0 f i WinCtlWindow.obj
 0001:00000a60       ?Init@Window@@SAXV?$Local@VObject@v8@@@v8@@@Z 0000000180001a60 f   WinCtlWindow.obj
 0001:00001600       ??_EWindow@@EEAAPEAXI@Z    0000000180002600 f i * CIL library *:* CIL module *
 0001:00001600       ??_GWindow@@EEAAPEAXI@Z    0000000180002600 f i WinCtlWindow.obj
 0001:00001690       ?New@Window@@CAXAEBV?$FunctionCallbackInfo@VValue@v8@@@Nan@@@Z 0000000180002690 f   WinCtlWindow.obj
 0001:000017c0       ?GetActiveWindow@Window@@SAXAEBV?$FunctionCallbackInfo@VValue@v8@@@Nan@@@Z 00000001800027c0 f   WinCtlWindow.obj
 0001:000018d0       ?GetWindowByClassName@Window@@SAXAEBV?$FunctionCallbackInfo@VValue@v8@@@Nan@@@Z 00000001800028d0 f   WinCtlWindow.obj
 0001:00001b00       ?GetWindowByTitleExact@Window@@SAXAEBV?$FunctionCallbackInfo@VValue@v8@@@Nan@@@Z 0000000180002b00 f   WinCtlWindow.obj
 0001:00001d30       ?EnumWindowsProc@@YAHPEAUHWND__@@_J@Z 0000000180002d30 f   WinCtlWindow.obj
 0001:00001e90       ?EnumerateWindows@Window@@SAXAEBV?$FunctionCallbackInfo@VValue@v8@@@Nan@@@Z 0000000180002e90 f   WinCtlWindow.obj
 0001:00001ed0       ?isVisible@Window@@CAXAEBV?$FunctionCallbackInfo@VValue@v8@@@Nan@@@Z 0000000180002ed0 f   WinCtlWindow.obj
 0001:00001fe0       ?getTitle@Window@@CAXAEBV?$FunctionCallbackInfo@VValue@v8@@@Nan@@@Z 0000000180002fe0 f   WinCtlWindow.obj
 0001:00002100       ?getHwnd@Window@@CAXAEBV?$FunctionCallbackInfo@VValue@v8@@@Nan@@@Z 0000000180003100 f   WinCtlWindow.obj
 0001:00002200       ?getClassName@Window@@CAXAEBV?$FunctionCallbackInfo@VValue@v8@@@Nan@@@Z 0000000180003200 f   WinCtlWindow.obj
 0001:00002320       ?getPid@Window@@CAXAEBV?$FunctionCallbackInfo@VValue@v8@@@Nan@@@Z 0000000180003320 f   WinCtlWindow.obj
 0001:00002430       ?getParent@Window@@CAXAEBV?$FunctionCallbackInfo@VValue@v8@@@Nan@@@Z 0000000180003430 f   WinCtlWindow.obj
 0001:00002540       ?getAncestor@Window@@CAXAEBV?$FunctionCallbackInfo@VValue@v8@@@Nan@@@Z 0000000180003540 f   WinCtlWindow.obj
 0001:00002680       ?getMonitor@Window@@CAXAEBV?$FunctionCallbackInfo@VValue@v8@@@Nan@@@Z 0000000180003680 f   WinCtlWindow.obj
 0001:00002c30       ?setForegroundWindow@Window@@CAXAEBV?$FunctionCallbackInfo@VValue@v8@@@Nan@@@Z 0000000180003c30 f   WinCtlWindow.obj
 0001:00002cc0       ?setWindowPos@Window@@CAXAEBV?$FunctionCallbackInfo@VValue@v8@@@Nan@@@Z 0000000180003cc0 f   WinCtlWindow.obj
 0001:00002e70       ?showWindow@Window@@CAXAEBV?$FunctionCallbackInfo@VValue@v8@@@Nan@@@Z 0000000180003e70 f   WinCtlWindow.obj
 0001:00002f20       ?move@Window@@CAXAEBV?$FunctionCallbackInfo@VValue@v8@@@Nan@@@Z 0000000180003f20 f   WinCtlWindow.obj
 0001:00003080       ?moveRelative@Window@@CAXAEBV?$FunctionCallbackInfo@VValue@v8@@@Nan@@@Z 0000000180004080 f   WinCtlWindow.obj
 0001:00003220       ?dimensions@Window@@CAXAEBV?$FunctionCallbackInfo@VValue@v8@@@Nan@@@Z 0000000180004220 f   WinCtlWindow.obj
 0001:00003610       ?assign@?$basic_string@DU?$char_traits@D@std@@V?$allocator@D@2@@std@@QEAAAEAV12@PEBD_K@Z 0000000180004610 f i WinCtlWindow.obj
 0001:00003750       ?assign@?$basic_string@DU?$char_traits@D@std@@V?$allocator@D@2@@std@@QEAAAEAV12@AEBV12@_K1@Z 0000000180004750 f i WinCtlWindow.obj
 0001:00003840       ?_Grow@?$basic_string@DU?$char_traits@D@std@@V?$allocator@D@2@@std@@QEAA_N_K_N@Z 0000000180004840 f i WinCtlWindow.obj
 0001:000038b0       ?erase@?$basic_string@DU?$char_traits@D@std@@V?$allocator@D@2@@std@@QEAAAEAV12@_K0@Z 00000001800048b0 f i WinCtlWindow.obj
 0001:00003960       ?_Copy@?$basic_string@DU?$char_traits@D@std@@V?$allocator@D@2@@std@@QEAAX_K0@Z 0000000180004960 f i WinCtlWindow.obj
 0001:00003aec       ??0bad_alloc@std@@QEAA@AEBV01@@Z 0000000180004aec f i libcpmt:xthrow.obj
 0001:00003b2c       ??0bad_alloc@std@@QEAA@XZ  0000000180004b2c f i libcpmt:xthrow.obj
 0001:00003b4c       ??0exception@std@@QEAA@AEBV01@@Z 0000000180004b4c f i libcpmt:xthrow.obj
 0001:00003b84       ??0length_error@std@@QEAA@AEBV01@@Z 0000000180004b84 f i libcpmt:xthrow.obj
 0001:00003bc4       ??0length_error@std@@QEAA@PEBD@Z 0000000180004bc4 f i libcpmt:xthrow.obj
 0001:00003c10       ??0logic_error@std@@QEAA@AEBV01@@Z 0000000180004c10 f i libcpmt:xthrow.obj
 0001:00003c50       ??0out_of_range@std@@QEAA@AEBV01@@Z 0000000180004c50 f i libcpmt:xthrow.obj
 0001:00003c90       ??0out_of_range@std@@QEAA@PEBD@Z 0000000180004c90 f i libcpmt:xthrow.obj
 0001:00003cdc       ??1bad_alloc@std@@UEAA@XZ  0000000180004cdc f i libcpmt:xthrow.obj
 0001:00003cdc       ??1length_error@std@@UEAA@XZ 0000000180004cdc f i libcpmt:xthrow.obj
 0001:00003cdc       ??1bad_array_new_length@std@@UEAA@XZ 0000000180004cdc f i LIBCMT:throw_bad_alloc.obj
 0001:00003cdc       ??1out_of_range@std@@UEAA@XZ 0000000180004cdc f i libcpmt:xthrow.obj
 0001:00003cf0       ??_Glength_error@std@@UEAAPEAXI@Z 0000000180004cf0 f i libcpmt:xthrow.obj
 0001:00003cf0       ??_Ebad_array_new_length@std@@UEAAPEAXI@Z 0000000180004cf0 f i LIBCMT:throw_bad_alloc.obj
 0001:00003cf0       ??_Glogic_error@std@@UEAAPEAXI@Z 0000000180004cf0 f i libcpmt:xthrow.obj
 0001:00003cf0       ??_Gout_of_range@std@@UEAAPEAXI@Z 0000000180004cf0 f i libcpmt:xthrow.obj
 0001:00003cf0       ??_Eexception@std@@UEAAPEAXI@Z 0000000180004cf0 f i libcpmt:xthrow.obj
 0001:00003cf0       ??_Elength_error@std@@UEAAPEAXI@Z 0000000180004cf0 f i libcpmt:xthrow.obj
 0001:00003cf0       ??_Eout_of_range@std@@UEAAPEAXI@Z 0000000180004cf0 f i libcpmt:xthrow.obj
 0001:00003cf0       ??_Gbad_array_new_length@std@@UEAAPEAXI@Z 0000000180004cf0 f i LIBCMT:throw_bad_alloc.obj
 0001:00003cf0       ??_Gexception@std@@UEAAPEAXI@Z 0000000180004cf0 f i libcpmt:xthrow.obj
 0001:00003cf0       ??_Gbad_alloc@std@@UEAAPEAXI@Z 0000000180004cf0 f i libcpmt:xthrow.obj
 0001:00003cf0       ??_Elogic_error@std@@UEAAPEAXI@Z 0000000180004cf0 f i libcpmt:xthrow.obj
 0001:00003cf0       ??_Ebad_alloc@std@@UEAAPEAXI@Z 0000000180004cf0 f i libcpmt:xthrow.obj
 0001:00003d34       ?__scrt_throw_std_bad_alloc@@YAXXZ 0000000180004d34 f   LIBCMT:throw_bad_alloc.obj
 0001:00003d34       ?_Xbad_alloc@std@@YAXXZ    0000000180004d34 f   libcpmt:xthrow.obj
 0001:00003d54       ?_Xlength_error@std@@YAXPEBD@Z 0000000180004d54 f   libcpmt:xthrow.obj
 0001:00003d78       ?_Xout_of_range@std@@YAXPEBD@Z 0000000180004d78 f   libcpmt:xthrow.obj
 0001:00003d9c       ?what@exception@std@@UEBAPEBDXZ 0000000180004d9c f i libcpmt:xthrow.obj
 0001:00003dc0       __security_check_cookie    0000000180004dc0 f   LIBCMT:_amdsecgs_.obj
 0001:00003de4       ??2@YAPEAX_K@Z             0000000180004de4 f   LIBCMT:new_scalar.obj
 0001:00003e20       __scrt_acquire_startup_lock 0000000180004e20 f   LIBCMT:utility.obj
 0001:00003e5c       __scrt_dllmain_after_initialize_c 0000000180004e5c f   LIBCMT:utility.obj
 0001:00003e7c       __scrt_dllmain_before_initialize_c 0000000180004e7c f   LIBCMT:utility.obj
 0001:00003e94       __scrt_dllmain_crt_thread_attach 0000000180004e94 f   LIBCMT:utility.obj
 0001:00003ebc       __scrt_dllmain_crt_thread_detach 0000000180004ebc f   LIBCMT:utility.obj
 0001:00003ed4       __scrt_dllmain_exception_filter 0000000180004ed4 f   LIBCMT:utility.obj
 0001:00003f38       __scrt_dllmain_uninitialize_c 0000000180004f38 f   LIBCMT:utility.obj
 0001:00003f68       __scrt_dllmain_uninitialize_critical 0000000180004f68 f   LIBCMT:utility.obj
 0001:00003f7c       __scrt_initialize_crt      0000000180004f7c f   LIBCMT:utility.obj
 0001:00003fc8       __scrt_initialize_onexit_tables 0000000180004fc8 f   LIBCMT:utility.obj
 0001:00004094       __scrt_is_nonwritable_in_current_image 0000000180005094 f   LIBCMT:utility.obj
 0001:00004130       __scrt_release_startup_lock 0000000180005130 f   LIBCMT:utility.obj
 0001:00004154       __scrt_uninitialize_crt    0000000180005154 f   LIBCMT:utility.obj
 0001:00004180       _onexit                    0000000180005180 f   LIBCMT:utility.obj
 0001:000041d0       atexit                     00000001800051d0 f   LIBCMT:utility.obj
 0001:000041e8       ??3@YAXPEAX@Z              00000001800051e8 f   LIBCMT:delete_scalar.obj
 0001:000041f0       ??3@YAXPEAX_K@Z            00000001800051f0 f   LIBCMT:delete_scalar_size.obj
 0001:00004554       _DllMainCRTStartup         0000000180005554 f   LIBCMT:dll_dllmain.obj
 0001:00004594       ??_Gtype_info@@UEAAPEAXI@Z 0000000180005594 f i LIBCMT:std_type_info_static.obj
 0001:00004594       ??_Etype_info@@UEAAPEAXI@Z 0000000180005594 f i LIBCMT:std_type_info_static.obj
 0001:000045c0       __raise_securityfailure    00000001800055c0 f   LIBCMT:gs_report.obj
 0001:000045f4       __report_gsfailure         00000001800055f4 f   LIBCMT:gs_report.obj
 0001:0000473c       ??0bad_array_new_length@std@@QEAA@AEBV01@@Z 000000018000573c f i LIBCMT:throw_bad_alloc.obj
 0001:0000477c       ??0bad_array_new_length@std@@QEAA@XZ 000000018000577c f i LIBCMT:throw_bad_alloc.obj
 0001:0000479c       ?__scrt_throw_std_bad_array_new_length@@YAXXZ 000000018000579c f   LIBCMT:throw_bad_alloc.obj
 0001:000047bc       __isa_available_init       00000001800057bc f   LIBCMT:_cpu_disp_.obj
 0001:00004980       __scrt_is_ucrt_dll_in_use  0000000180005980 f   LIBCMT:ucrt_detection.obj
 0001:0000498c       __crt_debugger_hook        000000018000598c f   LIBCMT:utility_desktop.obj
 0001:00004994       __scrt_fastfail            0000000180005994 f   LIBCMT:utility_desktop.obj
 0001:00004adc       _guard_check_icall         0000000180005adc f i LIBCMT:checkcfg.obj
 0001:00004ae4       __security_init_cookie     0000000180005ae4 f   LIBCMT:gs_support.obj
 0001:00004b90       DllMain                    0000000180005b90 f   LIBCMT:dll_dllmain_stub.obj
 0001:00004b98       ?__scrt_initialize_type_info@@YAXXZ 0000000180005b98 f   LIBCMT:tncleanup.obj
 0001:00004ba8       ?__scrt_uninitialize_type_info@@YAXXZ 0000000180005ba8 f   LIBCMT:tncleanup.obj
 0001:00004bb4       __local_stdio_printf_options 0000000180005bb4 f i LIBCMT:default_local_stdio_options.obj
 0001:00004bbc       __local_stdio_scanf_options 0000000180005bbc f i LIBCMT:default_local_stdio_options.obj
 0001:00004bc4       __scrt_initialize_default_local_stdio_options 0000000180005bc4 f   LIBCMT:default_local_stdio_options.obj
 0001:00004be0       __scrt_get_dyn_tls_init_callback 0000000180005be0 f   LIBCMT:dyn_tls_init.obj
 0001:00004be8       _RTC_Initialize            0000000180005be8 f   LIBCMT:_initsect_.obj
 0001:00004c34       _RTC_Terminate             0000000180005c34 f   LIBCMT:_initsect_.obj
 0001:00004c80       __except_validate_context_record 0000000180005c80 f i libvcruntime:jbcxrval.obj
 0001:00004c80       _guard_check_icall_nop     0000000180005c80 f i LIBCMT:guard_support.obj
 0001:00004ca0       memmove                    0000000180005ca0 f   libvcruntime:memcpy.obj
 0001:00004ca0       memcpy                     0000000180005ca0 f   libvcruntime:memcpy.obj
 0001:000050d8       __std_exception_copy       00000001800060d8 f   libvcruntime:std_exception.obj
 0001:00005168       __std_exception_destroy    0000000180006168 f   libvcruntime:std_exception.obj
 0001:00005190       _CxxThrowException         0000000180006190 f   libvcruntime:throw.obj
 0001:00005268       __vcrt_initialize          0000000180006268 f   libvcruntime:initialization.obj
 0001:000052a0       __vcrt_thread_attach       00000001800062a0 f   libvcruntime:initialization.obj
 0001:000052b4       __vcrt_thread_detach       00000001800062b4 f   libvcruntime:initialization.obj
 0001:000052c8       __vcrt_uninitialize        00000001800062c8 f   libvcruntime:initialization.obj
 0001:000052f4       __vcrt_uninitialize_critical 00000001800062f4 f   libvcruntime:initialization.obj
 0001:00005304       __C_specific_handler       0000000180006304 f   libvcruntime:_chandler_.obj
 0001:000054f8       __telemetry_main_invoke_trigger 00000001800064f8 f   libvcruntime:telemetry.obj
 0001:00005610       __telemetry_main_return_trigger 0000000180006610 f   libvcruntime:telemetry.obj
 0001:00005728       __vcrt_initialize_telemetry_provider 0000000180006728 f   libvcruntime:telemetry.obj
 0001:0000573c       __vcrt_uninitialize_telemetry_provider 000000018000673c f   libvcruntime:telemetry.obj
 0001:00005770       memset                     0000000180006770 f   libvcruntime:memset.obj
 0001:00005910       __std_type_info_destroy_list 0000000180006910 f   libvcruntime:std_type_info.obj
 0001:0000593c       __vcrt_freefls             000000018000693c f   libvcruntime:per_thread_data.obj
 0001:0000595c       __vcrt_freeptd             000000018000695c f   libvcruntime:per_thread_data.obj
 0001:000059ac       __vcrt_getptd_noexit       00000001800069ac f   libvcruntime:per_thread_data.obj
 0001:00005a54       __vcrt_initialize_ptd      0000000180006a54 f   libvcruntime:per_thread_data.obj
 0001:00005a94       __vcrt_uninitialize_ptd    0000000180006a94 f   libvcruntime:per_thread_data.obj
 0001:00005ab8       __vcrt_initialize_locks    0000000180006ab8 f   libvcruntime:locks.obj
 0001:00005b00       __vcrt_uninitialize_locks  0000000180006b00 f   libvcruntime:locks.obj
 0001:00005d00       __vcrt_EventRegister       0000000180006d00 f   libvcruntime:winapi_downlevel.obj
 0001:00005d84       __vcrt_EventSetInformation 0000000180006d84 f   libvcruntime:winapi_downlevel.obj
 0001:00005e08       __vcrt_EventUnregister     0000000180006e08 f   libvcruntime:winapi_downlevel.obj
 0001:00005e5c       __vcrt_EventWriteTransfer  0000000180006e5c f   libvcruntime:winapi_downlevel.obj
 0001:00005ef4       __vcrt_FlsAlloc            0000000180006ef4 f   libvcruntime:winapi_downlevel.obj
 0001:00005f48       __vcrt_FlsFree             0000000180006f48 f   libvcruntime:winapi_downlevel.obj
 0001:00005f9c       __vcrt_FlsGetValue         0000000180006f9c f   libvcruntime:winapi_downlevel.obj
 0001:00005ff0       __vcrt_FlsSetValue         0000000180006ff0 f   libvcruntime:winapi_downlevel.obj
 0001:00006058       __vcrt_InitializeCriticalSectionEx 0000000180007058 f   libvcruntime:winapi_downlevel.obj
 0001:000060d0       __vcrt_initialize_winapi_thunks 00000001800070d0 f   libvcruntime:winapi_downlevel.obj
 0001:00006108       __vcrt_uninitialize_winapi_thunks 0000000180007108 f   libvcruntime:winapi_downlevel.obj
 0001:00006148       __vcrt_initialize_pure_virtual_call_handler 0000000180007148 f   libvcruntime:purevirt_data.obj
 0001:00006180       _local_unwind              0000000180007180 f   libvcruntime:_jmpuwind_.obj
 0001:000061b0       _NLG_Notify                00000001800071b0 f   libvcruntime:_jmpuwind_.obj
 0001:000061d0       __NLG_Dispatch2            00000001800071d0 f   libvcruntime:_jmpuwind_.obj
 0001:000061e0       __NLG_Return2              00000001800071e0 f   libvcruntime:_jmpuwind_.obj
 0001:00006bcc       ??$ftprintf@PEAU_iobuf@@PEB_WAEBQEB_WAEBQEB_WAEBI@?$__crt_char_traits@_W@@SAH$$QEAPEAU_iobuf@@$$QEAPEB_WAEBQEB_W2AEBI@Z 0000000180007bcc f i libucrt:assert.obj
 0001:00006bf4       _wassert                   0000000180007bf4 f   libucrt:assert.obj
 0001:00006c78       fwprintf                   0000000180007c78 f i libucrt:assert.obj
 0001:00006cbc       swprintf                   0000000180007cbc f i libucrt:assert.obj
 0001:00006d10       __acrt_call_reportfault    0000000180007d10 f   libucrt:invalid_parameter.obj
 0001:00006e6c       __acrt_initialize_invalid_parameter_handler 0000000180007e6c f   libucrt:invalid_parameter.obj
 0001:00006e74       _invalid_parameter         0000000180007e74 f   libucrt:invalid_parameter.obj
 0001:00006f1c       _invalid_parameter_noinfo  0000000180007f1c f   libucrt:invalid_parameter.obj
 0001:00006f3c       _invalid_parameter_noinfo_noreturn 0000000180007f3c f   libucrt:invalid_parameter.obj
 0001:00006f6c       _invoke_watson             0000000180007f6c f   libucrt:invalid_parameter.obj
 0001:00006fb4       __acrt_initialize_new_handler 0000000180007fb4 f   libucrt:new_handler.obj
 0001:00006fbc       _callnewh                  0000000180007fbc f   libucrt:new_handler.obj
 0001:00006ffc       _query_new_handler         0000000180007ffc f   libucrt:new_handler.obj
 0001:00007030       malloc                     0000000180008030 f   libucrt:malloc.obj
 0001:00007038       _seh_filter_dll            0000000180008038 f   libucrt:exception_filter.obj
 0001:0000704c       _seh_filter_exe            000000018000804c f   libucrt:exception_filter.obj
 0001:0000740c       __acrt_initialize_thread_local_exit_callback 000000018000840c f   libucrt:exit.obj
 0001:00007414       _cexit                     0000000180008414 f   libucrt:exit.obj
 0001:00007424       _exit                      0000000180008424 f   libucrt:exit.obj
 0001:00007430       _is_c_termination_complete 0000000180008430 f   libucrt:exit.obj
 0001:0000761c       __dcrt_uninitialize_environments_nolock 000000018000861c f   libucrt:environment_initialization.obj
 0001:00007654       _initialize_narrow_environment 0000000180008654 f   libucrt:environment_initialization.obj
 0001:0000765c       ??$?RV<lambda_b8c45f8f788dd370798f47cfe8ac3a86>@@AEAV<lambda_4e60a939b0d047cfe11ddc22648dfba9>@@V<lambda_332c3edc96d0294ec56c57d38c1cdfd5>@@@?$__crt_seh_guarded_call@H@@QEAAH$$QEAV<lambda_b8c45f8f788dd370798f47cfe8ac3a86>@@AEAV<lambda_4e60a939b0d047cfe11ddc22648dfba9>@@$$QEAV<lambda_332c3edc96d0294ec56c57d38c1cdfd5>@@@Z 000000018000865c f i libucrt:onexit.obj
 0001:00007698       ??$?RV<lambda_e24bbb7b643b32fcea6fa61b31d4c984>@@AEAV<lambda_275893d493268fdec8709772e3fcec0e>@@V<lambda_9d71df4d7cf3f480f8d633942495c3b0>@@@?$__crt_seh_guarded_call@H@@QEAAH$$QEAV<lambda_e24bbb7b643b32fcea6fa61b31d4c984>@@AEAV<lambda_275893d493268fdec8709772e3fcec0e>@@$$QEAV<lambda_9d71df4d7cf3f480f8d633942495c3b0>@@@Z 0000000180008698 f i libucrt:onexit.obj
 0001:00007a14       _crt_atexit                0000000180008a14 f   libucrt:onexit.obj
 0001:00007a24       _execute_onexit_table      0000000180008a24 f   libucrt:onexit.obj
 0001:00007a60       _initialize_onexit_table   0000000180008a60 f   libucrt:onexit.obj
 0001:00007aa0       _register_onexit_function  0000000180008aa0 f   libucrt:onexit.obj
 0001:00007c1c       __acrt_uninitialize_command_line 0000000180008c1c f   libucrt:argv_data.obj
 0001:00007c20       __acrt_initialize          0000000180008c20 f   libucrt:initialization.obj
 0001:00007c34       __acrt_thread_attach       0000000180008c34 f   libucrt:initialization.obj
 0001:00007c48       __acrt_thread_detach       0000000180008c48 f   libucrt:initialization.obj
 0001:00007c58       __acrt_uninitialize        0000000180008c58 f   libucrt:initialization.obj
 0001:00007c6c       __acrt_uninitialize_critical 0000000180008c6c f   libucrt:initialization.obj
 0001:00007c7c       free                       0000000180008c7c f   libucrt:free.obj
 0001:00007c84       _initterm                  0000000180008c84 f   libucrt:initterm.obj
 0001:00007cfc       _initterm_e                0000000180008cfc f   libucrt:initterm.obj
 0001:00007d48       terminate                  0000000180008d48 f   libucrt:terminate.obj
 0001:00007d70       strcpy_s                   0000000180008d70 f   libucrt:strcpy_s.obj
 0001:00007dd0       _free_base                 0000000180008dd0 f   libucrt:free_base.obj
 0001:00007e10       _malloc_base               0000000180008e10 f   libucrt:malloc_base.obj
 0001:00007e70       abort                      0000000180008e70 f   libucrt:abort.obj
 0001:00007ec8       _calloc_base               0000000180008ec8 f   libucrt:calloc_base.obj
 0001:00007f40       ??$?RV<lambda_7b91131dde12e1c3dfc74ff76b3f2eac>@@AEAV<lambda_dd75445284c072d0bd3768540cc698fa>@@V<lambda_16bc4ecb55b4718497c16bceaea2ceaf>@@@?$__crt_seh_guarded_call@H@@QEAAH$$QEAV<lambda_7b91131dde12e1c3dfc74ff76b3f2eac>@@AEAV<lambda_dd75445284c072d0bd3768540cc698fa>@@$$QEAV<lambda_16bc4ecb55b4718497c16bceaea2ceaf>@@@Z 0000000180008f40 f i libucrt:output.obj
 0001:00007f80       ??$ensure_buffer_is_big_enough@D@formatting_buffer@__crt_stdio_output@@QEAA_N_K@Z 0000000180008f80 f i libucrt:output.obj
 0001:0000802c       ??$is_wide_character_specifier@_W@__crt_stdio_output@@YA_N_K_WW4length_modifier@0@@Z 000000018000902c f i libucrt:output.obj
 0001:00008070       ??$type_case_integer_parse_into_buffer@I@?$output_processor@_WV?$stream_output_adapter@_W@__crt_stdio_output@@V?$standard_base@_WV?$stream_output_adapter@_W@__crt_stdio_output@@@2@@__crt_stdio_output@@AEAAXII_N@Z 0000000180009070 f i libucrt:output.obj
 0001:00008070       ??$type_case_integer_parse_into_buffer@I@?$output_processor@_WV?$string_output_adapter@_W@__crt_stdio_output@@V?$standard_base@_WV?$string_output_adapter@_W@__crt_stdio_output@@@2@@__crt_stdio_output@@AEAAXII_N@Z 0000000180009070 f i libucrt:output.obj
 0001:0000810c       ??$type_case_integer_parse_into_buffer@_K@?$output_processor@_WV?$string_output_adapter@_W@__crt_stdio_output@@V?$standard_base@_WV?$string_output_adapter@_W@__crt_stdio_output@@@2@@__crt_stdio_output@@AEAAX_KI_N@Z 000000018000910c f i libucrt:output.obj
 0001:0000810c       ??$type_case_integer_parse_into_buffer@_K@?$output_processor@_WV?$stream_output_adapter@_W@__crt_stdio_output@@V?$standard_base@_WV?$stream_output_adapter@_W@__crt_stdio_output@@@2@@__crt_stdio_output@@AEAAX_KI_N@Z 000000018000910c f i libucrt:output.obj
 0001:000081a8       ??$write_multiple_characters@V?$stream_output_adapter@_W@__crt_stdio_output@@D@__crt_stdio_output@@YAXAEBV?$stream_output_adapter@_W@0@DHQEAH@Z 00000001800091a8 f i libucrt:output.obj
 0001:00008238       ??$write_multiple_characters@V?$string_output_adapter@_W@__crt_stdio_output@@D@__crt_stdio_output@@YAXAEBV?$string_output_adapter@_W@0@DHQEAH@Z 0000000180009238 f i libucrt:output.obj
 0001:000082a8       ??0?$output_processor@_WV?$string_output_adapter@_W@__crt_stdio_output@@V?$standard_base@_WV?$string_output_adapter@_W@__crt_stdio_output@@@2@@__crt_stdio_output@@QEAA@AEBV?$string_output_adapter@_W@1@_KQEB_WQEAU__crt_locale_pointers@@QEAD@Z 00000001800092a8 f i libucrt:output.obj
 0001:000082a8       ??0?$output_processor@_WV?$stream_output_adapter@_W@__crt_stdio_output@@V?$standard_base@_WV?$stream_output_adapter@_W@__crt_stdio_output@@@2@@__crt_stdio_output@@QEAA@AEBV?$stream_output_adapter@_W@1@_KQEB_WQEAU__crt_locale_pointers@@QEAD@Z 00000001800092a8 f i libucrt:output.obj
 0001:00008328       ??0_LocaleUpdate@@QEAA@QEAU__crt_locale_pointers@@@Z 0000000180009328 f i libucrt:output.obj
 0001:000084a8       ?force_decimal_point@__crt_stdio_output@@YAXPEADQEAU__crt_locale_pointers@@@Z 00000001800094a8 f i libucrt:output.obj
 0001:00008518       ?parse_int_from_format_string@?$output_processor@_WV?$string_output_adapter@_W@__crt_stdio_output@@V?$standard_base@_WV?$string_output_adapter@_W@__crt_stdio_output@@@2@@__crt_stdio_output@@AEAA_NQEAH@Z 0000000180009518 f i libucrt:output.obj
 0001:00008518       ?parse_int_from_format_string@?$output_processor@_WV?$stream_output_adapter@_W@__crt_stdio_output@@V?$standard_base@_WV?$stream_output_adapter@_W@__crt_stdio_output@@@2@@__crt_stdio_output@@AEAA_NQEAH@Z 0000000180009518 f i libucrt:output.obj
 0001:00008598       ?process@?$output_processor@_WV?$stream_output_adapter@_W@__crt_stdio_output@@V?$standard_base@_WV?$stream_output_adapter@_W@__crt_stdio_output@@@2@@__crt_stdio_output@@QEAAHXZ 0000000180009598 f i libucrt:output.obj
 0001:00008810       ?process@?$output_processor@_WV?$string_output_adapter@_W@__crt_stdio_output@@V?$standard_base@_WV?$string_output_adapter@_W@__crt_stdio_output@@@2@@__crt_stdio_output@@QEAAHXZ 0000000180009810 f i libucrt:output.obj
 0001:00008a8c       ?state_case_size@?$output_processor@_WV?$stream_output_adapter@_W@__crt_stdio_output@@V?$standard_base@_WV?$stream_output_adapter@_W@__crt_stdio_output@@@2@@__crt_stdio_output@@AEAA_NXZ 0000000180009a8c f i libucrt:output.obj
 0001:00008c30       ?state_case_size@?$output_processor@_WV?$string_output_adapter@_W@__crt_stdio_output@@V?$standard_base@_WV?$string_output_adapter@_W@__crt_stdio_output@@@2@@__crt_stdio_output@@AEAA_NXZ 0000000180009c30 f i libucrt:output.obj
 0001:00008dd4       ?state_case_type@?$output_processor@_WV?$stream_output_adapter@_W@__crt_stdio_output@@V?$standard_base@_WV?$stream_output_adapter@_W@__crt_stdio_output@@@2@@__crt_stdio_output@@AEAA_NXZ 0000000180009dd4 f i libucrt:output.obj
 0001:000090a0       ?state_case_type@?$output_processor@_WV?$string_output_adapter@_W@__crt_stdio_output@@V?$standard_base@_WV?$string_output_adapter@_W@__crt_stdio_output@@@2@@__crt_stdio_output@@AEAA_NXZ 000000018000a0a0 f i libucrt:output.obj
 0001:0000936c       ?type_case_Z@?$output_processor@_WV?$stream_output_adapter@_W@__crt_stdio_output@@V?$standard_base@_WV?$stream_output_adapter@_W@__crt_stdio_output@@@2@@__crt_stdio_output@@AEAA_NXZ 000000018000a36c f i libucrt:output.obj
 0001:0000936c       ?type_case_Z@?$output_processor@_WV?$string_output_adapter@_W@__crt_stdio_output@@V?$standard_base@_WV?$string_output_adapter@_W@__crt_stdio_output@@@2@@__crt_stdio_output@@AEAA_NXZ 000000018000a36c f i libucrt:output.obj
 0001:000093ec       ?type_case_a@?$output_processor@_WV?$string_output_adapter@_W@__crt_stdio_output@@V?$standard_base@_WV?$string_output_adapter@_W@__crt_stdio_output@@@2@@__crt_stdio_output@@AEAA_NXZ 000000018000a3ec f i libucrt:output.obj
 0001:000093ec       ?type_case_a@?$output_processor@_WV?$stream_output_adapter@_W@__crt_stdio_output@@V?$standard_base@_WV?$stream_output_adapter@_W@__crt_stdio_output@@@2@@__crt_stdio_output@@AEAA_NXZ 000000018000a3ec f i libucrt:output.obj
 0001:00009630       ?type_case_c_tchar@?$output_processor@_WV?$string_output_adapter@_W@__crt_stdio_output@@V?$standard_base@_WV?$string_output_adapter@_W@__crt_stdio_output@@@2@@__crt_stdio_output@@AEAA_N_W@Z 000000018000a630 f i libucrt:output.obj
 0001:00009630       ?type_case_c_tchar@?$output_processor@_WV?$stream_output_adapter@_W@__crt_stdio_output@@V?$standard_base@_WV?$stream_output_adapter@_W@__crt_stdio_output@@@2@@__crt_stdio_output@@AEAA_N_W@Z 000000018000a630 f i libucrt:output.obj
 0001:000096d8       ?type_case_integer@?$output_processor@_WV?$string_output_adapter@_W@__crt_stdio_output@@V?$standard_base@_WV?$string_output_adapter@_W@__crt_stdio_output@@@2@@__crt_stdio_output@@AEAA_NI_N@Z 000000018000a6d8 f i libucrt:output.obj
 0001:000096d8       ?type_case_integer@?$output_processor@_WV?$stream_output_adapter@_W@__crt_stdio_output@@V?$standard_base@_WV?$stream_output_adapter@_W@__crt_stdio_output@@@2@@__crt_stdio_output@@AEAA_NI_N@Z 000000018000a6d8 f i libucrt:output.obj
 0001:00009878       ?type_case_n@?$output_processor@_WV?$stream_output_adapter@_W@__crt_stdio_output@@V?$standard_base@_WV?$stream_output_adapter@_W@__crt_stdio_output@@@2@@__crt_stdio_output@@AEAA_NXZ 000000018000a878 f i libucrt:output.obj
 0001:00009878       ?type_case_n@?$output_processor@_WV?$string_output_adapter@_W@__crt_stdio_output@@V?$standard_base@_WV?$string_output_adapter@_W@__crt_stdio_output@@@2@@__crt_stdio_output@@AEAA_NXZ 000000018000a878 f i libucrt:output.obj
 0001:00009954       ?type_case_s@?$output_processor@_WV?$stream_output_adapter@_W@__crt_stdio_output@@V?$standard_base@_WV?$stream_output_adapter@_W@__crt_stdio_output@@@2@@__crt_stdio_output@@AEAA_NXZ 000000018000a954 f i libucrt:output.obj
 0001:00009954       ?type_case_s@?$output_processor@_WV?$string_output_adapter@_W@__crt_stdio_output@@V?$standard_base@_WV?$string_output_adapter@_W@__crt_stdio_output@@@2@@__crt_stdio_output@@AEAA_NXZ 000000018000a954 f i libucrt:output.obj
 0001:00009a1c       ?write_stored_string_tchar@?$output_processor@_WV?$stream_output_adapter@_W@__crt_stdio_output@@V?$standard_base@_WV?$stream_output_adapter@_W@__crt_stdio_output@@@2@@__crt_stdio_output@@AEAA_N_W@Z 000000018000aa1c f i libucrt:output.obj
 0001:00009b08       ?write_stored_string_tchar@?$output_processor@_WV?$string_output_adapter@_W@__crt_stdio_output@@V?$standard_base@_WV?$string_output_adapter@_W@__crt_stdio_output@@@2@@__crt_stdio_output@@AEAA_N_W@Z 000000018000ab08 f i libucrt:output.obj
 0001:00009bf8       ?write_string@?$stream_output_adapter@_W@__crt_stdio_output@@QEBAXQEB_WHQEAH1@Z 000000018000abf8 f i libucrt:output.obj
 0001:00009d04       ?write_string@?$string_output_adapter@_W@__crt_stdio_output@@QEBAXQEB_WHQEAH1@Z 000000018000ad04 f i libucrt:output.obj
 0001:00009dc4       __stdio_common_vfwprintf   000000018000adc4 f   libucrt:output.obj
 0001:00009e50       __stdio_common_vswprintf   000000018000ae50 f   libucrt:output.obj
 0001:0000a088       ??$is_overflow_condition@K@__crt_strtox@@YA_NIK@Z 000000018000b088 f i libucrt:atox.obj
 0001:0000a0b4       ??$parse_integer@KV?$c_string_character_source@_W@__crt_strtox@@@__crt_strtox@@YAKQEAU__crt_locale_pointers@@V?$c_string_character_source@_W@0@H_N@Z 000000018000b0b4 f i libucrt:atox.obj
 0001:0000a788       _query_app_type            000000018000b788 f   libucrt:report_runtime_error.obj
 0001:0000a790       __acrt_errno_from_os_error 000000018000b790 f   libucrt:errno.obj
 0001:0000a7d8       __acrt_errno_map_os_error  000000018000b7d8 f   libucrt:errno.obj
 0001:0000a828       __doserrno                 000000018000b828 f   libucrt:errno.obj
 0001:0000a848       _errno                     000000018000b848 f   libucrt:errno.obj
 0001:0000a990       _itow_s                    000000018000b990 f   libucrt:xtoa.obj
 0001:0000a9b0       _set_error_mode            000000018000b9b0 f   libucrt:set_error_mode.obj
 0001:0000a9f0       wcscat_s                   000000018000b9f0 f   libucrt:wcscat_s.obj
 0001:0000aa70       wcscpy_s                   000000018000ba70 f   libucrt:wcscpy_s.obj
 0001:0000aad8       wcsncat_s                  000000018000bad8 f   libucrt:wcsncat_s.obj
 0001:0000ac00       __acrt_show_wide_message_box 000000018000bc00 f   libucrt:crtmbox.obj
 0001:0000ad1c       __acrt_initialize_stdio    000000018000bd1c f   libucrt:_file.obj
 0001:0000ae3c       __acrt_iob_func            000000018000be3c f   libucrt:_file.obj
 0001:0000ae50       __acrt_uninitialize_stdio  000000018000be50 f   libucrt:_file.obj
 0001:0000aeac       _lock_file                 000000018000beac f   libucrt:_file.obj
 0001:0000aeb8       _unlock_file               000000018000beb8 f   libucrt:_file.obj
 0001:0000aec4       __acrt_stdio_flush_nolock  000000018000bec4 f   libucrt:fflush.obj
 0001:0000af3c       _fflush_nolock             000000018000bf3c f   libucrt:fflush.obj
 0001:0000af88       _flushall                  000000018000bf88 f   libucrt:fflush.obj
 0001:0000b078       fflush                     000000018000c078 f   libucrt:fflush.obj
 0001:0000b0bc       ??$?RV<lambda_7a5ef57ff966f610505f1d28a3d40618>@@AEAV<lambda_b721fa326cdb32351d23dfa67958c160>@@V<lambda_5e0fb27672408a07956fe59e48ccb2aa>@@@?$__crt_seh_guarded_call@H@@QEAAH$$QEAV<lambda_7a5ef57ff966f610505f1d28a3d40618>@@AEAV<lambda_b721fa326cdb32351d23dfa67958c160>@@$$QEAV<lambda_5e0fb27672408a07956fe59e48ccb2aa>@@@Z 000000018000c0bc f i libucrt:setvbuf.obj
 0001:0000b1ec       setvbuf                    000000018000c1ec f   libucrt:setvbuf.obj
 0001:0000b28c       ??$?RV<lambda_c36588078e9f5dfd39652860aa6b3aaf>@@AEAV<lambda_ec61778202f4f5fc7e7711acc23c3bca>@@V<lambda_dc9d2797ccde5d239b4a0efae8ebd7db>@@@?$__crt_seh_guarded_call@P6AXH@Z@@QEAAP6AXH@Z$$QEAV<lambda_c36588078e9f5dfd39652860aa6b3aaf>@@AEAV<lambda_ec61778202f4f5fc7e7711acc23c3bca>@@$$QEAV<lambda_dc9d2797ccde5d239b4a0efae8ebd7db>@@@Z 000000018000c28c f i libucrt:signal.obj
 0001:0000b2d4       __acrt_get_sigabrt_handler 000000018000c2d4 f   libucrt:signal.obj
 0001:0000b304       __acrt_initialize_signal_handlers 000000018000c304 f   libucrt:signal.obj
 0001:0000b324       raise                      000000018000c324 f   libucrt:signal.obj
 0001:0000b5c0       ??$?RV<lambda_46352004c1216016012b18bd6f87e700>@@AEAV<lambda_3bd07e1a1191394380780325891bf33f>@@V<lambda_334532d3f185bcaa59b5be82d7d22bff>@@@?$__crt_seh_guarded_call@X@@QEAAX$$QEAV<lambda_46352004c1216016012b18bd6f87e700>@@AEAV<lambda_3bd07e1a1191394380780325891bf33f>@@$$QEAV<lambda_334532d3f185bcaa59b5be82d7d22bff>@@@Z 000000018000c5c0 f i libucrt:per_thread_data.obj
 0001:0000b620       ??$?RV<lambda_5e887d1dcbef67a5eb4283622ba103bf>@@AEAV<lambda_4466841279450cc726390878d4a41900>@@V<lambda_341c25c0346d94847f1f3c463c57e077>@@@?$__crt_seh_guarded_call@X@@QEAAX$$QEAV<lambda_5e887d1dcbef67a5eb4283622ba103bf>@@AEAV<lambda_4466841279450cc726390878d4a41900>@@$$QEAV<lambda_341c25c0346d94847f1f3c463c57e077>@@@Z 000000018000c620 f i libucrt:per_thread_data.obj
 0001:0000b668       ??$?RV<lambda_72d1df2b273a38828b1ce30cbf4cdab5>@@AEAV<lambda_876a65b173b8412d3a47c70a915b0cf4>@@V<lambda_41932305e351933ebe8f8be3ed8bb5dc>@@@?$__crt_seh_guarded_call@X@@QEAAX$$QEAV<lambda_72d1df2b273a38828b1ce30cbf4cdab5>@@AEAV<lambda_876a65b173b8412d3a47c70a915b0cf4>@@$$QEAV<lambda_41932305e351933ebe8f8be3ed8bb5dc>@@@Z 000000018000c668 f i libucrt:per_thread_data.obj
 0001:0000b6a8       ??$?RV<lambda_fb3a7dec4e47f37f22dae91bb15c9095>@@AEAV<lambda_698284760c8add0bfb0756c19673e34b>@@V<lambda_dfb8eca1e75fef3034a8fb18dd509707>@@@?$__crt_seh_guarded_call@X@@QEAAX$$QEAV<lambda_fb3a7dec4e47f37f22dae91bb15c9095>@@AEAV<lambda_698284760c8add0bfb0756c19673e34b>@@$$QEAV<lambda_dfb8eca1e75fef3034a8fb18dd509707>@@@Z 000000018000c6a8 f i libucrt:per_thread_data.obj
 0001:0000b938       __acrt_freeptd             000000018000c938 f   libucrt:per_thread_data.obj
 0001:0000b97c       __acrt_getptd              000000018000c97c f   libucrt:per_thread_data.obj
 0001:0000ba10       __acrt_getptd_noexit       000000018000ca10 f   libucrt:per_thread_data.obj
 0001:0000bab0       __acrt_initialize_ptd      000000018000cab0 f   libucrt:per_thread_data.obj
 0001:0000baec       __acrt_uninitialize_ptd    000000018000caec f   libucrt:per_thread_data.obj
 0001:0000bb10       __acrt_initialize_locks    000000018000cb10 f   libucrt:locks.obj
 0001:0000bb58       __acrt_lock                000000018000cb58 f   libucrt:locks.obj
 0001:0000bb74       __acrt_uninitialize_locks  000000018000cb74 f   libucrt:locks.obj
 0001:0000bbac       __acrt_unlock              000000018000cbac f   libucrt:locks.obj
 0001:0000bd68       __acrt_FlsAlloc            000000018000cd68 f   libucrt:winapi_thunks.obj
 0001:0000bdc0       __acrt_FlsFree             000000018000cdc0 f   libucrt:winapi_thunks.obj
 0001:0000be18       __acrt_FlsGetValue         000000018000ce18 f   libucrt:winapi_thunks.obj
 0001:0000be70       __acrt_FlsSetValue         000000018000ce70 f   libucrt:winapi_thunks.obj
 0001:0000bed8       __acrt_InitializeCriticalSectionEx 000000018000ced8 f   libucrt:winapi_thunks.obj
 0001:0000bf50       __acrt_LCMapStringEx       000000018000cf50 f   libucrt:winapi_thunks.obj
 0001:0000c040       __acrt_LocaleNameToLCID    000000018000d040 f   libucrt:winapi_thunks.obj
 0001:0000c0a8       __acrt_MessageBoxW         000000018000d0a8 f   libucrt:winapi_thunks.obj
 0001:0000c130       __acrt_can_show_message_box 000000018000d130 f   libucrt:winapi_thunks.obj
 0001:0000c18c       __acrt_get_parent_window   000000018000d18c f   libucrt:winapi_thunks.obj
 0001:0000c21c       __acrt_initialize_winapi_thunks 000000018000d21c f   libucrt:winapi_thunks.obj
 0001:0000c254       __acrt_is_interactive      000000018000d254 f   libucrt:winapi_thunks.obj
 0001:0000c328       __acrt_is_packaged_app     000000018000d328 f   libucrt:winapi_thunks.obj
 0001:0000c3b0       __acrt_uninitialize_winapi_thunks 000000018000d3b0 f   libucrt:winapi_thunks.obj
 0001:0000c3f4       ??$?RV<lambda_99476a1ad63dd22509b5d3e65b0ffc95>@@AEAV<lambda_ad1ced32f4ac17aa236e5ef05d6b3b7c>@@V<lambda_f7424dd8d45958661754dc4f2697e9c3>@@@?$__crt_seh_guarded_call@X@@QEAAX$$QEAV<lambda_99476a1ad63dd22509b5d3e65b0ffc95>@@AEAV<lambda_ad1ced32f4ac17aa236e5ef05d6b3b7c>@@$$QEAV<lambda_f7424dd8d45958661754dc4f2697e9c3>@@@Z 000000018000d3f4 f i libucrt:mbctype.obj
 0001:0000caf0       __acrt_initialize_multibyte 000000018000daf0 f   libucrt:mbctype.obj
 0001:0000cb18       __acrt_update_thread_multibyte_data 000000018000db18 f   libucrt:mbctype.obj
 0001:0000cbd8       _setmbcp_nolock            000000018000dbd8 f   libucrt:mbctype.obj
 0001:0000ce80       __dcrt_get_narrow_environment_from_os 000000018000de80 f   libucrt:get_environment_from_os.obj
 0001:0000cf84       _recalloc                  000000018000df84 f   libucrt:recalloc.obj
 0001:0000cf8c       _recalloc_base             000000018000df8c f   libucrt:recalloc.obj
 0001:0000d024       __acrt_initialize_heap     000000018000e024 f   libucrt:heap_handle.obj
 0001:0000d040       __acrt_uninitialize_heap   000000018000e040 f   libucrt:heap_handle.obj
 0001:0000d234       __acrt_initialize_lowio    000000018000e234 f   libucrt:ioinit.obj
 0001:0000d270       __acrt_uninitialize_lowio  000000018000e270 f   libucrt:ioinit.obj
 0001:0000d2b0       __acrt_initialize_command_line 000000018000e2b0 f   libucrt:argv_data.obj
 0001:0000d2d8       __acrt_execute_initializers 000000018000e2d8 f   libucrt:shared_initialization.obj
 0001:0000d36c       __acrt_execute_uninitializers 000000018000e36c f   libucrt:shared_initialization.obj
 0001:0000d3bc       __acrt_has_user_matherr    000000018000e3bc f   libucrt:matherr.obj
 0001:0000d3dc       __acrt_initialize_user_matherr 000000018000e3dc f   libucrt:matherr.obj
 0001:0000d3e4       __acrt_invoke_user_matherr 000000018000e3e4 f   libucrt:matherr.obj
 0001:0000d42c       __acrt_stdio_begin_temporary_buffering_nolock 000000018000e42c f   libucrt:_sftbuf.obj
 0001:0000d4fc       __acrt_stdio_end_temporary_buffering_nolock 000000018000e4fc f   libucrt:_sftbuf.obj
 0001:0000d538       _query_new_mode            000000018000e538 f   libucrt:new_mode.obj
 0001:0000d540       isdigit                    000000018000e540 f i libucrt:_ctype.obj
 0001:0000d604       _tolower_l                 000000018000e604 f   libucrt:tolower_toupper.obj
 0001:0000d744       tolower                    000000018000e744 f   libucrt:tolower_toupper.obj
 0001:0000d770       ??$make_c_string_character_source@_WPEAPEA_W@__crt_strtox@@YA?AV?$c_string_character_source@_W@0@QEB_WQEAPEA_W@Z 000000018000e770 f i libucrt:strtox.obj
 0001:0000d784       wcstol                     000000018000e784 f   libucrt:strtox.obj
 0001:0000d7b4       _mbtowc_l                  000000018000e7b4 f   libucrt:mbtowc.obj
 0001:0000d8fc       mbtowc                     000000018000e8fc f   libucrt:mbtowc.obj
 0001:0000d904       _wctomb_s_l                000000018000e904 f   libucrt:wctomb.obj
 0001:0000da88       wctomb_s                   000000018000ea88 f   libucrt:wctomb.obj
 0001:0000da9c       wcsnlen                    000000018000ea9c f   libucrt:strnlen.obj
 0001:0000dc8c       __acrt_update_locale_info  000000018000ec8c f   libucrt:locale_update.obj
 0001:0000dcc0       __acrt_update_multibyte_info 000000018000ecc0 f   libucrt:locale_update.obj
 0001:0000dcf4       ?__acrt_fp_classify@@YA?AW4__acrt_fp_class@@AEBN@Z 000000018000ecf4 f i libucrt:cvt.obj
 0001:0000e72c       __acrt_fp_format           000000018000f72c f   libucrt:cvt.obj
 0001:0000e970       _fputwc_nolock             000000018000f970 f   libucrt:fputwc.obj
 0001:0000eaec       _fileno                    000000018000faec f   libucrt:fileno.obj
 0001:0000eb14       _fputc_nolock              000000018000fb14 f   libucrt:fputc.obj
 0001:0000eb2c       _get_printf_count_output   000000018000fb2c f   libucrt:printf_count_output.obj
 0001:0000eb44       __acrt_set_locale_changed  000000018000fb44 f   libucrt:wsetlocale.obj
 0001:0000eb50       __acrt_uninitialize_locale 000000018000fb50 f   libucrt:wsetlocale.obj
 0001:0000eb98       __pctype_func              000000018000fb98 f   libucrt:ctype.obj
 0001:0000ebc8       iswctype                   000000018000fbc8 f   libucrt:iswctype.obj
 0001:0000ec38       _isctype_l                 000000018000fc38 f   libucrt:isctype.obj
 0001:0000ed48       _fcloseall                 000000018000fd48 f   libucrt:closeall.obj
 0001:0000edfc       __acrt_stdio_free_buffer_nolock 000000018000fdfc f   libucrt:_freebuf.obj
 0001:0000ee3c       ??$?RV<lambda_b521505b218e5242e90febf6bfebc422>@@AEAV<lambda_6978c1fb23f02e42e1d9e99668cc68aa>@@V<lambda_314360699dd331753a4119843814e9a7>@@@?$__crt_seh_guarded_call@H@@QEAAH$$QEAV<lambda_b521505b218e5242e90febf6bfebc422>@@AEAV<lambda_6978c1fb23f02e42e1d9e99668cc68aa>@@$$QEAV<lambda_314360699dd331753a4119843814e9a7>@@@Z 000000018000fe3c f i libucrt:commit.obj
 0001:0000eec8       _commit                    000000018000fec8 f   libucrt:commit.obj
 0001:0000f4fc       _write                     00000001800104fc f   libucrt:write.obj
 0001:0000f5e8       _write_nolock              00000001800105e8 f   libucrt:write.obj
 0001:0000f8cc       __acrt_add_locale_ref      00000001800108cc f   libucrt:locale_refcounting.obj
 0001:0000f958       __acrt_free_locale         0000000180010958 f   libucrt:locale_refcounting.obj
 0001:0000fad0       __acrt_locale_add_lc_time_reference 0000000180010ad0 f   libucrt:locale_refcounting.obj
 0001:0000faf8       __acrt_locale_free_lc_time_if_unreferenced 0000000180010af8 f   libucrt:locale_refcounting.obj
 0001:0000fb30       __acrt_locale_release_lc_time_reference 0000000180010b30 f   libucrt:locale_refcounting.obj
 0001:0000fb58       __acrt_release_locale_ref  0000000180010b58 f   libucrt:locale_refcounting.obj
 0001:0000fc00       __acrt_update_thread_locale_data 0000000180010c00 f   libucrt:locale_refcounting.obj
 0001:0000fc70       _updatetlocinfoEx_nolock   0000000180010c70 f   libucrt:locale_refcounting.obj
 0001:0000fda0       __acrt_DownlevelLocaleNameToLCID 0000000180010da0 f   libucrt:lcidtoname_downlevel.obj
 0001:0000fdec       __acrt_GetStringTypeA      0000000180010dec f   libucrt:getstringtypea.obj
 0001:000102fc       __acrt_LCMapStringA        00000001800112fc f   libucrt:lcmapstringa.obj
 0001:00010394       _msize                     0000000180011394 f   libucrt:msize.obj
 0001:000103d0       _realloc_base              00000001800113d0 f   libucrt:realloc_base.obj
 0001:00010454       __acrt_lowio_create_handle_array 0000000180011454 f   libucrt:osfinfo.obj
 0001:000104ec       __acrt_lowio_destroy_handle_array 00000001800114ec f   libucrt:osfinfo.obj
 0001:0001053c       __acrt_lowio_ensure_fh_exists 000000018001153c f   libucrt:osfinfo.obj
 0001:000105f4       __acrt_lowio_lock_fh       00000001800115f4 f   libucrt:osfinfo.obj
 0001:00010618       __acrt_lowio_unlock_fh     0000000180011618 f   libucrt:osfinfo.obj
 0001:0001063c       _free_osfhnd               000000018001163c f   libucrt:osfinfo.obj
 0001:000106f8       _get_osfhandle             00000001800116f8 f   libucrt:osfinfo.obj
 0001:00010770       _isatty                    0000000180011770 f   libucrt:isatty.obj
 0001:000107d0       _isleadbyte_l              00000001800117d0 f i libucrt:_wctype.obj
 0001:00010810       __acrt_fp_strflt_to_string 0000000180011810 f   libucrt:_fptostr.obj
 0001:000108d0       ?divide@__crt_strtox@@YA_KAEAUbig_integer@1@AEBU21@@Z 00000001800118d0 f i libucrt:cfout.obj
 0001:00010da0       __acrt_fltout              0000000180011da0 f   libucrt:cfout.obj
 0001:000123a4       __acrt_stdio_flush_and_write_narrow_nolock 00000001800133a4 f   libucrt:_flsbuf.obj
 0001:0001248c       __acrt_stdio_flush_and_write_wide_nolock 000000018001348c f   libucrt:_flsbuf.obj
 0001:00012578       __acrt_locale_free_monetary 0000000180013578 f   libucrt:initmon.obj
 0001:00012684       __acrt_locale_free_numeric 0000000180013684 f   libucrt:initnum.obj
 0001:00012748       __acrt_locale_free_time    0000000180013748 f   libucrt:inittime.obj
 0001:00012850       _fclose_nolock             0000000180013850 f   libucrt:fclose.obj
 0001:000128d4       fclose                     00000001800138d4 f   libucrt:fclose.obj
 0001:00012acc       _lseeki64                  0000000180013acc f   libucrt:lseek.obj
 0001:00012ad4       _lseeki64_nolock           0000000180013ad4 f   libucrt:lseek.obj
 0001:00012adc       _putwch_nolock             0000000180013adc f   libucrt:putwch.obj
 0001:00012b38       __strncnt                  0000000180013b38 f   libucrt:strncnt.obj
 0001:00012b50       fegetenv                   0000000180013b50 f   libucrt:fegetenv.obj
 0001:00012b70       fesetenv                   0000000180013b70 f   libucrt:fesetenv.obj
 0001:00012bbc       feholdexcept               0000000180013bbc f   libucrt:feholdexcept.obj
 0001:00012c0c       ceil                       0000000180013c0c f   libucrt:ceil.obj
 0001:00012cd0       log10                      0000000180013cd0 f   libucrt:log10.obj
 0001:0001327c       __acrt_stdio_allocate_buffer_nolock 000000018001427c f   libucrt:_getbuf.obj
 0001:000132e0       ??$?RV<lambda_bfedae4ebbf01fab1bb6dcc6a9e276e0>@@AEAV<lambda_2fe9b910cf3cbf4a0ab98a02ba45b3ec>@@V<lambda_237c231691f317818eb88cc1d5d642d6>@@@?$__crt_seh_guarded_call@H@@QEAAH$$QEAV<lambda_bfedae4ebbf01fab1bb6dcc6a9e276e0>@@AEAV<lambda_2fe9b910cf3cbf4a0ab98a02ba45b3ec>@@$$QEAV<lambda_237c231691f317818eb88cc1d5d642d6>@@@Z 00000001800142e0 f i libucrt:close.obj
 0001:00013354       _close                     0000000180014354 f   libucrt:close.obj
 0001:000133f8       _close_nolock              00000001800143f8 f   libucrt:close.obj
 0001:000134b4       ?__acrt_stdio_free_stream@@YAXV__crt_stdio_stream@@@Z 00000001800144b4 f   libucrt:stream.obj
 0001:000134f8       __dcrt_lowio_initialize_console_output 00000001800144f8 f   libucrt:initcon.obj
 0001:00013534       __dcrt_terminate_console_output 0000000180014534 f   libucrt:initcon.obj
 0001:00013554       _getfpcontrolword          0000000180014554 f   libucrt:_fenvutils.obj
 0001:0001356c       _getfpstatusword           000000018001456c f   libucrt:_fenvutils.obj
 0001:00013580       _setfpcontrolword          0000000180014580 f   libucrt:_fenvutils.obj
 0001:0001358c       _setfpstatusword           000000018001458c f   libucrt:_fenvutils.obj
 0001:000135dc       _clearfp                   00000001800145dc f   libucrt:ieee.obj
 0001:00013630       _controlfp                 0000000180014630 f   libucrt:ieee.obj
 0001:0001363c       _statusfp                  000000018001463c f   libucrt:ieee.obj
 0001:00013a40       _handle_error              0000000180014a40 f   libucrt:libm_error.obj
 0001:00013b68       _handle_nan                0000000180014b68 f   libucrt:libm_error.obj
 0001:00013b90       __acrt_initialize_fma3     0000000180014b90 f   libucrt:fma3_available.obj
 0001:00013c00       _log10_special             0000000180014c00 f   libucrt:log_special.obj
 0001:00013cd0       _get_fpsr                  0000000180014cd0 f   libucrt:fpsr.obj
 0001:00013ce0       _set_fpsr                  0000000180014ce0 f   libucrt:fpsr.obj
 0001:00013cea       _fclrf                     0000000180014cea f   libucrt:fpsr.obj
 0001:00013cfe       _frnd                      0000000180014cfe f   libucrt:fpsr.obj
 0001:00013d20       _raise_exc                 0000000180014d20 f   libucrt:fpexcept.obj
 0001:00013d48       _raise_exc_ex              0000000180014d48 f   libucrt:fpexcept.obj
 0001:00014050       _set_errno_from_matherr    0000000180015050 f   libucrt:fpexcept.obj
 0001:00014080       _clrfp                     0000000180015080 f   libucrt:fpctrl.obj
 0001:000140a0       _ctrlfp                    00000001800150a0 f   libucrt:fpctrl.obj
 0001:0001411c       _set_statfp                000000018001511c f   libucrt:fpctrl.obj
 0001:0001413c       _statfp                    000000018001513c f   libucrt:fpctrl.obj
 0001:0001414e       IsProcessorFeaturePresent  000000018001514e f   kernel32:KERNEL32.dll
 0001:00014154       RtlUnwindEx                0000000180015154 f   kernel32:KERNEL32.dll
 0001:0001415a       SystemFunction036          000000018001515a f   advapi32:ADVAPI32.dll
 0001:00014160       _FindPESection             0000000180015160 f   LIBCMT:pesect.obj
 0001:000141b0       _IsNonwritableInCurrentImage 00000001800151b0 f   LIBCMT:pesect.obj
 0001:00014200       _ValidateImageBase         0000000180015200 f   LIBCMT:pesect.obj
 0001:00014230       __GSHandlerCheck           0000000180015230 f   LIBCMT:_gshandler_.obj
 0001:00014250       __GSHandlerCheckCommon     0000000180015250 f   LIBCMT:_gshandler_.obj
 0001:000142c0       __chkstk                   00000001800152c0 f   LIBCMT:_chkstk_.obj
 0001:000142c0       _alloca_probe              00000001800152c0 f   LIBCMT:_chkstk_.obj
 0001:00014314       strrchr                    0000000180015314 f   libvcruntime:strrchr.obj
 0001:00014470       memcmp                     0000000180015470 f   libvcruntime:memcmp.obj
 0001:00014550       _guard_dispatch_icall_nop  0000000180015550 f   LIBCMT:_guard_dispatch_.obj
 0002:00000000       __imp_SystemFunction036    0000000180016000     advapi32:ADVAPI32.dll
 0002:00000008       \177ADVAPI32_NULL_THUNK_DATA 0000000180016008     advapi32:ADVAPI32.dll
 0002:00000010       __imp_CreateFileW          0000000180016010     kernel32:KERNEL32.dll
 0002:00000018       __imp_SetFilePointerEx     0000000180016018     kernel32:KERNEL32.dll
 0002:00000020       __imp_SetStdHandle         0000000180016020     kernel32:KERNEL32.dll
 0002:00000028       __imp_HeapReAlloc          0000000180016028     kernel32:KERNEL32.dll
 0002:00000030       __imp_HeapSize             0000000180016030     kernel32:KERNEL32.dll
 0002:00000038       __imp_GetConsoleMode       0000000180016038     kernel32:KERNEL32.dll
 0002:00000040       __imp_GetConsoleCP         0000000180016040     kernel32:KERNEL32.dll
 0002:00000048       __imp_FlushFileBuffers     0000000180016048     kernel32:KERNEL32.dll
 0002:00000050       __imp_GetStringTypeW       0000000180016050     kernel32:KERNEL32.dll
 0002:00000058       __imp_GetCommandLineW      0000000180016058     kernel32:KERNEL32.dll
 0002:00000060       __imp_GetCommandLineA      0000000180016060     kernel32:KERNEL32.dll
 0002:00000068       __imp_GetProcessHeap       0000000180016068     kernel32:KERNEL32.dll
 0002:00000070       __imp_FreeEnvironmentStringsW 0000000180016070     kernel32:KERNEL32.dll
 0002:00000078       __imp_GetEnvironmentStringsW 0000000180016078     kernel32:KERNEL32.dll
 0002:00000080       __imp_GetCPInfo            0000000180016080     kernel32:KERNEL32.dll
 0002:00000088       __imp_GetOEMCP             0000000180016088     kernel32:KERNEL32.dll
 0002:00000090       __imp_GetACP               0000000180016090     kernel32:KERNEL32.dll
 0002:00000098       __imp_IsValidCodePage      0000000180016098     kernel32:KERNEL32.dll
 0002:000000a0       __imp_LCMapStringW         00000001800160a0     kernel32:KERNEL32.dll
 0002:000000a8       __imp_CreateThread         00000001800160a8     kernel32:KERNEL32.dll
 0002:000000b0       __imp_WaitForSingleObjectEx 00000001800160b0     kernel32:KERNEL32.dll
 0002:000000b8       __imp_CloseHandle          00000001800160b8     kernel32:KERNEL32.dll
 0002:000000c0       __imp_OutputDebugStringW   00000001800160c0     kernel32:KERNEL32.dll
 0002:000000c8       __imp_WriteFile            00000001800160c8     kernel32:KERNEL32.dll
 0002:000000d0       __imp_HeapAlloc            00000001800160d0     kernel32:KERNEL32.dll
 0002:000000d8       __imp_HeapFree             00000001800160d8     kernel32:KERNEL32.dll
 0002:000000e0       __imp_WideCharToMultiByte  00000001800160e0     kernel32:KERNEL32.dll
 0002:000000e8       __imp_MultiByteToWideChar  00000001800160e8     kernel32:KERNEL32.dll
 0002:000000f0       __imp_ExitProcess          00000001800160f0     kernel32:KERNEL32.dll
 0002:000000f8       __imp_WriteConsoleW        00000001800160f8     kernel32:KERNEL32.dll
 0002:00000100       __imp_GetModuleHandleExW   0000000180016100     kernel32:KERNEL32.dll
 0002:00000108       __imp_GetFileType          0000000180016108     kernel32:KERNEL32.dll
 0002:00000110       __imp_GetStdHandle         0000000180016110     kernel32:KERNEL32.dll
 0002:00000118       __imp_LoadLibraryExW       0000000180016118     kernel32:KERNEL32.dll
 0002:00000120       __imp_GetProcAddress       0000000180016120     kernel32:KERNEL32.dll
 0002:00000128       __imp_FreeLibrary          0000000180016128     kernel32:KERNEL32.dll
 0002:00000130       __imp_TlsFree              0000000180016130     kernel32:KERNEL32.dll
 0002:00000138       __imp_TlsSetValue          0000000180016138     kernel32:KERNEL32.dll
 0002:00000140       __imp_TlsGetValue          0000000180016140     kernel32:KERNEL32.dll
 0002:00000148       __imp_TlsAlloc             0000000180016148     kernel32:KERNEL32.dll
 0002:00000150       __imp_InitializeCriticalSectionAndSpinCount 0000000180016150     kernel32:KERNEL32.dll
 0002:00000158       __imp_DeleteCriticalSection 0000000180016158     kernel32:KERNEL32.dll
 0002:00000160       __imp_LeaveCriticalSection 0000000180016160     kernel32:KERNEL32.dll
 0002:00000168       __imp_EnterCriticalSection 0000000180016168     kernel32:KERNEL32.dll
 0002:00000170       __imp_SetLastError         0000000180016170     kernel32:KERNEL32.dll
 0002:00000178       __imp_InterlockedFlushSList 0000000180016178     kernel32:KERNEL32.dll
 0002:00000180       __imp_GetModuleFileNameW   0000000180016180     kernel32:KERNEL32.dll
 0002:00000188       __imp_GetLastError         0000000180016188     kernel32:KERNEL32.dll
 0002:00000190       __imp_RtlUnwindEx          0000000180016190     kernel32:KERNEL32.dll
 0002:00000198       __imp_RaiseException       0000000180016198     kernel32:KERNEL32.dll
 0002:000001a0       __imp_RtlPcToFileHeader    00000001800161a0     kernel32:KERNEL32.dll
 0002:000001a8       __imp_InitializeSListHead  00000001800161a8     kernel32:KERNEL32.dll
 0002:000001b0       __imp_GetSystemTimeAsFileTime 00000001800161b0     kernel32:KERNEL32.dll
 0002:000001b8       __imp_GetCurrentThreadId   00000001800161b8     kernel32:KERNEL32.dll
 0002:000001c0       __imp_GetCurrentProcessId  00000001800161c0     kernel32:KERNEL32.dll
 0002:000001c8       __imp_QueryPerformanceCounter 00000001800161c8     kernel32:KERNEL32.dll
 0002:000001d0       __imp_GetModuleHandleW     00000001800161d0     kernel32:KERNEL32.dll
 0002:000001d8       __imp_RtlCaptureContext    00000001800161d8     kernel32:KERNEL32.dll
 0002:000001e0       __imp_RtlLookupFunctionEntry 00000001800161e0     kernel32:KERNEL32.dll
 0002:000001e8       __imp_RtlVirtualUnwind     00000001800161e8     kernel32:KERNEL32.dll
 0002:000001f0       __imp_UnhandledExceptionFilter 00000001800161f0     kernel32:KERNEL32.dll
 0002:000001f8       __imp_SetUnhandledExceptionFilter 00000001800161f8     kernel32:KERNEL32.dll
 0002:00000200       __imp_GetCurrentProcess    0000000180016200     kernel32:KERNEL32.dll
 0002:00000208       __imp_TerminateProcess     0000000180016208     kernel32:KERNEL32.dll
 0002:00000210       __imp_IsProcessorFeaturePresent 0000000180016210     kernel32:KERNEL32.dll
 0002:00000218       __imp_IsDebuggerPresent    0000000180016218     kernel32:KERNEL32.dll
 0002:00000220       __imp_GetStartupInfoW      0000000180016220     kernel32:KERNEL32.dll
 0002:00000228       \177KERNEL32_NULL_THUNK_DATA 0000000180016228     kernel32:KERNEL32.dll
 0002:00000230       __imp_GetAncestor          0000000180016230     user32:USER32.dll
 0002:00000238       __imp_GetWindowThreadProcessId 0000000180016238     user32:USER32.dll
 0002:00000240       __imp_GetWindowRect        0000000180016240     user32:USER32.dll
 0002:00000248       __imp_SetForegroundWindow  0000000180016248     user32:USER32.dll
 0002:00000250       __imp_FindWindowA          0000000180016250     user32:USER32.dll
 0002:00000258       __imp_GetParent            0000000180016258     user32:USER32.dll
 0002:00000260       __imp_EnumWindows          0000000180016260     user32:USER32.dll
 0002:00000268       __imp_MoveWindow           0000000180016268     user32:USER32.dll
 0002:00000270       __imp_GetForegroundWindow  0000000180016270     user32:USER32.dll
 0002:00000278       __imp_GetMonitorInfoA      0000000180016278     user32:USER32.dll
 0002:00000280       __imp_GetWindowTextA       0000000180016280     user32:USER32.dll
 0002:00000288       __imp_FindWindowExA        0000000180016288     user32:USER32.dll
 0002:00000290       __imp_ShowWindow           0000000180016290     user32:USER32.dll
 0002:00000298       __imp_GetClassNameA        0000000180016298     user32:USER32.dll
 0002:000002a0       __imp_MonitorFromWindow    00000001800162a0     user32:USER32.dll
 0002:000002a8       __imp_SetWindowPos         00000001800162a8     user32:USER32.dll
 0002:000002b0       __imp_IsWindowVisible      00000001800162b0     user32:USER32.dll
 0002:000002b8       \177USER32_NULL_THUNK_DATA 00000001800162b8     user32:USER32.dll
 0002:000002c0       __imp_?MakeCallback@node@@YA?AV?$Local@VValue@v8@@@v8@@PEAVIsolate@3@V?$Local@VObject@v8@@@3@V?$Local@VFunction@v8@@@3@HPEAV23@@Z 00000001800162c0     node:node.dll
 0002:000002c8       __imp_node_module_register 00000001800162c8     node:node.dll
 0002:000002d0       \177node_NULL_THUNK_DATA   00000001800162d0     node:node.dll
 0002:000002d8       __imp_?MakeWeak@V8@v8@@CAXPEAPEAVObject@internal@2@PEAXP6AXAEBV?$WeakCallbackInfo@X@2@@ZW4WeakCallbackType@2@@Z 00000001800162d8     nw:nw.dll
 0002:000002e0       __imp_?ClearWeak@V8@v8@@CAPEAXPEAPEAVObject@internal@2@@Z 00000001800162e0     nw:nw.dll
 0002:000002e8       __imp_?InstanceTemplate@FunctionTemplate@v8@@QEAA?AV?$Local@VObjectTemplate@v8@@@2@XZ 00000001800162e8     nw:nw.dll
 0002:000002f0       __imp_?PrototypeTemplate@FunctionTemplate@v8@@QEAA?AV?$Local@VObjectTemplate@v8@@@2@XZ 00000001800162f0     nw:nw.dll
 0002:000002f8       __imp_?SetClassName@FunctionTemplate@v8@@QEAAXV?$Local@VString@v8@@@2@@Z 00000001800162f8     nw:nw.dll
 0002:00000300       __imp_?Set@Template@v8@@QEAAXV?$Local@VName@v8@@@2@V?$Local@VData@v8@@@2@W4PropertyAttribute@2@@Z 0000000180016300     nw:nw.dll
 0002:00000308       __imp_??0HandleScope@v8@@QEAA@PEAVIsolate@1@@Z 0000000180016308     nw:nw.dll
 0002:00000310       __imp_?New@Signature@v8@@SA?AV?$Local@VSignature@v8@@@2@PEAVIsolate@2@V?$Local@VFunctionTemplate@v8@@@2@@Z 0000000180016310     nw:nw.dll
 0002:00000318       __imp_?New@Integer@v8@@SA?AV?$Local@VInteger@v8@@@2@PEAVIsolate@2@H@Z 0000000180016318     nw:nw.dll
 0002:00000320       __imp_?Global@Context@v8@@QEAA?AV?$Local@VObject@v8@@@2@XZ 0000000180016320     nw:nw.dll
 0002:00000328       __imp_?New@ObjectTemplate@v8@@SA?AV?$Local@VObjectTemplate@v8@@@2@PEAVIsolate@2@V?$Local@VFunctionTemplate@v8@@@2@@Z 0000000180016328     nw:nw.dll
 0002:00000330       __imp_?DisposeGlobal@V8@v8@@CAXPEAPEAVObject@internal@2@@Z 0000000180016330     nw:nw.dll
 0002:00000338       __imp_?SetInternalFieldCount@ObjectTemplate@v8@@QEAAXH@Z 0000000180016338     nw:nw.dll
 0002:00000340       __imp_?Set@Object@v8@@QEAA?AV?$Maybe@_N@2@V?$Local@VContext@v8@@@2@V?$Local@VValue@v8@@@2@1@Z 0000000180016340     nw:nw.dll
 0002:00000348       __imp_?SetInternalField@Object@v8@@QEAAXHV?$Local@VValue@v8@@@2@@Z 0000000180016348     nw:nw.dll
 0002:00000350       __imp_?SlowGetInternalField@Object@v8@@AEAA?AV?$Local@VValue@v8@@@2@H@Z 0000000180016350     nw:nw.dll
 0002:00000358       __imp_?NewFromUtf8@String@v8@@SA?AV?$MaybeLocal@VString@v8@@@2@PEAVIsolate@2@PEBDW4NewStringType@2@H@Z 0000000180016358     nw:nw.dll
 0002:00000360       __imp_??0EscapableHandleScope@v8@@QEAA@PEAVIsolate@1@@Z 0000000180016360     nw:nw.dll
 0002:00000368       __imp_?Escape@EscapableHandleScope@v8@@AEAAPEAPEAVObject@internal@2@PEAPEAV342@@Z 0000000180016368     nw:nw.dll
 0002:00000370       __imp_?ToLocalEmpty@V8@v8@@CAXXZ 0000000180016370     nw:nw.dll
 0002:00000378       __imp_?New@FunctionTemplate@v8@@SA?AV?$Local@VFunctionTemplate@v8@@@2@PEAVIsolate@2@P6AXAEBV?$FunctionCallbackInfo@VValue@v8@@@2@@ZV?$Local@VValue@v8@@@2@V?$Local@VSignature@v8@@@2@H@Z 0000000180016378     nw:nw.dll
 0002:00000380       __imp_?GetFunction@FunctionTemplate@v8@@QEAA?AV?$MaybeLocal@VFunction@v8@@@2@V?$Local@VContext@v8@@@2@@Z 0000000180016380     nw:nw.dll
 0002:00000388       __imp_??1HandleScope@v8@@QEAA@XZ 0000000180016388     nw:nw.dll
 0002:00000390       __imp_?CreateHandle@HandleScope@v8@@CAPEAPEAVObject@internal@2@PEAVHeapObject@42@PEAV342@@Z 0000000180016390     nw:nw.dll
 0002:00000398       __imp_?CreateHandle@HandleScope@v8@@KAPEAPEAVObject@internal@2@PEAVIsolate@42@PEAV342@@Z 0000000180016398     nw:nw.dll
 0002:000003a0       __imp_?GetCurrent@Isolate@v8@@SAPEAV12@XZ 00000001800163a0     nw:nw.dll
 0002:000003a8       __imp_?GetCurrentContext@Isolate@v8@@QEAA?AV?$Local@VContext@v8@@@2@XZ 00000001800163a8     nw:nw.dll
 0002:000003b0       __imp_?New@External@v8@@SA?AV?$Local@VExternal@v8@@@2@PEAVIsolate@2@PEAX@Z 00000001800163b0     nw:nw.dll
 0002:000003b8       __imp_?Value@External@v8@@QEBAPEAXXZ 00000001800163b8     nw:nw.dll
 0002:000003c0       __imp_?GlobalizeReference@V8@v8@@CAPEAPEAVObject@internal@2@PEAVIsolate@42@PEAPEAV342@@Z 00000001800163c0     nw:nw.dll
 0002:000003c8       __imp_?Int32Value@Value@v8@@QEBAHXZ 00000001800163c8     nw:nw.dll
 0002:000003d0       __imp_?IntegerValue@Value@v8@@QEBA_JXZ 00000001800163d0     nw:nw.dll
 0002:000003d8       __imp_?BooleanValue@Value@v8@@QEBA_NXZ 00000001800163d8     nw:nw.dll
 0002:000003e0       __imp_?ToInt32@Value@v8@@QEBA?AV?$MaybeLocal@VInt32@v8@@@2@V?$Local@VContext@v8@@@2@@Z 00000001800163e0     nw:nw.dll
 0002:000003e8       __imp_??1Utf8Value@String@v8@@QEAA@XZ 00000001800163e8     nw:nw.dll
 0002:000003f0       __imp_??0Utf8Value@String@v8@@QEAA@V?$Local@VValue@v8@@@2@@Z 00000001800163f0     nw:nw.dll
 0002:000003f8       __imp_?SlowGetAlignedPointerFromInternalField@Object@v8@@AEAAPEAXH@Z 00000001800163f8     nw:nw.dll
 0002:00000400       __imp_?New@Object@v8@@SA?AV?$Local@VObject@v8@@@2@PEAVIsolate@2@@Z 0000000180016400     nw:nw.dll
 0002:00000408       __imp_?SetAlignedPointerInInternalField@Object@v8@@QEAAXHPEAX@Z 0000000180016408     nw:nw.dll
 0002:00000410       __imp_?InternalFieldCount@Object@v8@@QEAAHXZ 0000000180016410     nw:nw.dll
 0002:00000418       __imp_?NewInstance@Function@v8@@QEBA?AV?$Local@VObject@v8@@@2@HQEAV?$Local@VValue@v8@@@2@@Z 0000000180016418     nw:nw.dll
 0002:00000420       __imp_?NewInstance@Function@v8@@QEBA?AV?$MaybeLocal@VObject@v8@@@2@V?$Local@VContext@v8@@@2@HQEAV?$Local@VValue@v8@@@2@@Z 0000000180016420     nw:nw.dll
 0002:00000428       __imp_?NewInstance@ObjectTemplate@v8@@QEAA?AV?$MaybeLocal@VObject@v8@@@2@V?$Local@VContext@v8@@@2@@Z 0000000180016428     nw:nw.dll
 0002:00000430       \177nw_NULL_THUNK_DATA     0000000180016430     nw:nw.dll
 0002:00000438       __guard_check_icall_fptr   0000000180016438     LIBCMT:guard_support.obj
 0002:00000440       __guard_dispatch_icall_fptr 0000000180016440     LIBCMT:guard_support.obj
 0002:00000448       __xc_a                     0000000180016448     LIBCMT:initializers.obj
 0002:00000460       _register_NativeExtension_ 0000000180016460     WinCtlWrap.obj
 0002:00000468       __xc_z                     0000000180016468     LIBCMT:initializers.obj
 0002:00000470       __xi_a                     0000000180016470     LIBCMT:initializers.obj
 0002:00000478       __acrt_stdio_initializer   0000000180016478     libucrt:stdio_initializer.obj
 0002:00000480       __acrt_multibyte_initializer 0000000180016480     libucrt:multibyte_initializer.obj
 0002:00000488       __acrt_tran_fma3_initializer 0000000180016488     libucrt:fma3_initializer.obj
 0002:00000490       __xi_z                     0000000180016490     LIBCMT:initializers.obj
 0002:00000498       __xp_a                     0000000180016498     LIBCMT:initializers.obj
 0002:000004a0       __acrt_locale_terminator   00000001800164a0     libucrt:locale_initializer.obj
 0002:000004a8       __dcrt_console_output_terminator 00000001800164a8     libucrt:console_output_initializer.obj
 0002:000004b0       __acrt_stdio_terminator    00000001800164b0     libucrt:stdio_initializer.obj
 0002:000004b8       __xp_z                     00000001800164b8     LIBCMT:initializers.obj
 0002:000004c0       __xt_a                     00000001800164c0     LIBCMT:initializers.obj
 0002:000004c8       __xt_z                     00000001800164c8     LIBCMT:initializers.obj
 0002:000004d8       ??_7exception@std@@6B@     00000001800164d8     libcpmt:xthrow.obj
 0002:000004e8       ??_C@_0BC@EOODALEL@Unknown?5exception?$AA@ 00000001800164e8     libcpmt:xthrow.obj
 0002:00000508       ??_7bad_alloc@std@@6B@     0000000180016508     libcpmt:xthrow.obj
 0002:00000518       ??_C@_0P@GHFPNOJB@bad?5allocation?$AA@ 0000000180016518     libcpmt:xthrow.obj
 0002:00000530       ??_7logic_error@std@@6B@   0000000180016530     libcpmt:xthrow.obj
 0002:00000548       ??_7length_error@std@@6B@  0000000180016548     libcpmt:xthrow.obj
 0002:00000560       ??_7out_of_range@std@@6B@  0000000180016560     libcpmt:xthrow.obj
 0002:00000570       _pDefaultRawDllMain        0000000180016570     LIBCMT:dll_dllmain.obj
 0002:00000570       _pRawDllMain               0000000180016570     LIBCMT:dll_dllmain.obj
 0002:00000580       ??_7type_info@@6B@         0000000180016580     LIBCMT:std_type_info_static.obj
 0002:000005a0       ??_7bad_array_new_length@std@@6B@ 00000001800165a0     LIBCMT:throw_bad_alloc.obj
 0002:000005b0       ??_C@_0BF@KINCDENJ@bad?5array?5new?5length?$AA@ 00000001800165b0     LIBCMT:throw_bad_alloc.obj
 0002:00000610       _Microsoft_CRTProvider     0000000180016610     libvcruntime:telemetry.obj
 0002:00000618       ??_C@_00CNPNBAHC@?$AA@     0000000180016618     libvcruntime:telemetry.obj
 0002:0000061c       ??_C@_11LOCGONAA@?$AA?$AA@ 000000018001661c     libvcruntime:telemetry.obj
 0002:00000620       ??_C@_0O@JEOPJOMI@Main?5Invoked?4?$AA@ 0000000180016620     libvcruntime:telemetry.obj
 0002:00000630       ??_C@_0P@NEAEIBDO@Main?5Returned?4?$AA@ 0000000180016630     libvcruntime:telemetry.obj
 0002:00000660       ??_C@_1BC@DNHGCMLG@?$AAa?$AAd?$AAv?$AAa?$AAp?$AAi?$AA3?$AA2?$AA?$AA@ 0000000180016660     libvcruntime:winapi_downlevel.obj
 0002:00000678       ??_C@_1DM@KHCHBNEB@?$AAa?$AAp?$AAi?$AA?9?$AAm?$AAs?$AA?9?$AAw?$AAi?$AAn?$AA?9?$AAc?$AAo?$AAr?$AAe?$AA?9?$AAf?$AAi?$AAb?$AAe?$AAr?$AAs?$AA?9?$AAl?$AA1?$AA?9?$AA1?$AA?9?$AA1?$AA?$AA@ 0000000180016678     libvcruntime:winapi_downlevel.obj
 0002:000006b8       ??_C@_1DK@LPPGFMPP@?$AAa?$AAp?$AAi?$AA?9?$AAm?$AAs?$AA?9?$AAw?$AAi?$AAn?$AA?9?$AAc?$AAo?$AAr?$AAe?$AA?9?$AAs?$AAy?$AAn?$AAc?$AAh?$AA?9?$AAl?$AA1?$AA?9?$AA2?$AA?9?$AA0?$AA?$AA@ 00000001800166b8     libvcruntime:winapi_downlevel.obj
 0002:000006f8       ??_C@_1BC@GDMECMAK@?$AAk?$AAe?$AAr?$AAn?$AAe?$AAl?$AA3?$AA2?$AA?$AA@ 00000001800166f8     libvcruntime:winapi_downlevel.obj
 0002:00000710       ??_C@_0O@BAMBGLIE@EventRegister?$AA@ 0000000180016710     libvcruntime:winapi_downlevel.obj
 0002:00000728       ??_C@_0BE@BJEEGHGK@EventSetInformation?$AA@ 0000000180016728     libvcruntime:winapi_downlevel.obj
 0002:00000740       ??_C@_0BA@FAKLIPIC@EventUnregister?$AA@ 0000000180016740     libvcruntime:winapi_downlevel.obj
 0002:00000758       ??_C@_0BD@PKLHJPHD@EventWriteTransfer?$AA@ 0000000180016758     libvcruntime:winapi_downlevel.obj
 0002:00000778       ??_C@_08KNHFBNJ@FlsAlloc?$AA@ 0000000180016778     libvcruntime:winapi_downlevel.obj
 0002:00000790       ??_C@_07PEJMOBNF@FlsFree?$AA@ 0000000180016790     libvcruntime:winapi_downlevel.obj
 0002:000007a0       ??_C@_0M@GDNOONDI@FlsGetValue?$AA@ 00000001800167a0     libvcruntime:winapi_downlevel.obj
 0002:000007b8       ??_C@_0M@JCPCPOEF@FlsSetValue?$AA@ 00000001800167b8     libvcruntime:winapi_downlevel.obj
 0002:000007d0       ??_C@_0BM@HCFOFFN@InitializeCriticalSectionEx?$AA@ 00000001800167d0     libvcruntime:winapi_downlevel.obj
 0002:000007ec       ??_C@_01JOAMLHOP@?9?$AA@   00000001800167ec     libvcruntime:undname.obj
 0002:000007f0       ??_C@_01MIFGBAGJ@?$CL?$AA@ 00000001800167f0     libvcruntime:undname.obj
 0002:000007f4       ??_C@_01HNPIGOCE@?$CG?$AA@ 00000001800167f4     libvcruntime:undname.obj
 0002:000007f8       ??_C@_03MNHNFDLC@?9?$DO?$CK?$AA@ 00000001800167f8     libvcruntime:undname.obj
 0002:000007fc       ??_C@_01KMDKNFGN@?1?$AA@   00000001800167fc     libvcruntime:undname.obj
 0002:00000800       ??_C@_01FGNFDNOH@?$CF?$AA@ 0000000180016800     libvcruntime:undname.obj
 0002:00000804       ??_C@_01MNNFJEPP@?$DM?$AA@ 0000000180016804     libvcruntime:undname.obj
 0002:00000808       ??_C@_02EHCHHCKH@?$DM?$DN?$AA@ 0000000180016808     libvcruntime:undname.obj
 0002:0000080c       ??_C@_01PPODPGHN@?$DO?$AA@ 000000018001680c     libvcruntime:undname.obj
 0002:00000810       ??_C@_02EEKDKGMJ@?$DO?$DN?$AA@ 0000000180016810     libvcruntime:undname.obj
 0002:00000814       ??_C@_01IHBHIGKO@?0?$AA@   0000000180016814     libvcruntime:undname.obj
 0002:00000818       ??_C@_02HCKGKOFO@?$CI?$CJ?$AA@ 0000000180016818     libvcruntime:undname.obj
 0002:0000081c       ??_C@_01PJKLJHI@?$HO?$AA@  000000018001681c     libvcruntime:undname.obj
 0002:00000820       ??_C@_01JKBOJNNK@?$FO?$AA@ 0000000180016820     libvcruntime:undname.obj
 0002:00000824       ??_C@_01DNKMNLPK@?$HM?$AA@ 0000000180016824     libvcruntime:undname.obj
 0002:00000828       ??_C@_02PPKAJPJL@?$CG?$CG?$AA@ 0000000180016828     libvcruntime:undname.obj
 0002:0000082c       ??_C@_02NONPIBCD@?$HM?$HM?$AA@ 000000018001682c     libvcruntime:undname.obj
 0002:00000830       ??_C@_02FPIMKNGF@?$CK?$DN?$AA@ 0000000180016830     libvcruntime:undname.obj
 0002:00000834       ??_C@_02FOEOMHFC@?$CL?$DN?$AA@ 0000000180016834     libvcruntime:undname.obj
 0002:00000838       ??_C@_02FKMDLLOA@?9?$DN?$AA@ 0000000180016838     libvcruntime:undname.obj
 0002:0000083c       ??_C@_02FJEHGPIO@?1?$DN?$AA@ 000000018001683c     libvcruntime:undname.obj
 0002:00000840       ??_C@_02FENAOKFI@?$CF?$DN?$AA@ 0000000180016840     libvcruntime:undname.obj
 0002:00000844       ??_C@_03IKFCCPFF@?$DO?$DO?$DN?$AA@ 0000000180016844     libvcruntime:undname.obj
 0002:00000848       ??_C@_03CDNPDDLA@?$DM?$DM?$DN?$AA@ 0000000180016848     libvcruntime:undname.obj
 0002:0000084c       ??_C@_02FGJGFEAB@?$CG?$DN?$AA@ 000000018001684c     libvcruntime:undname.obj
 0002:00000850       ??_C@_02DHLNPPGH@?$HM?$DN?$AA@ 0000000180016850     libvcruntime:undname.obj
 0002:00000854       ??_C@_02MHEGNOJ@?$FO?$DN?$AA@ 0000000180016854     libvcruntime:undname.obj
 0002:00000858       ??_C@_09IFPLHPGF@?$GAvftable?8?$AA@ 0000000180016858     libvcruntime:undname.obj
 0002:00000868       ??_C@_09BLBHBJP@?$GAvbtable?8?$AA@ 0000000180016868     libvcruntime:undname.obj
 0002:00000878       ??_C@_07FEEIOKP@?$GAvcall?8?$AA@ 0000000180016878     libvcruntime:undname.obj
 0002:00000880       ??_C@_08LLFFHHDJ@?$GAtypeof?8?$AA@ 0000000180016880     libvcruntime:undname.obj
 0002:00000890       ??_C@_0BF@KDPPACIK@?$GAlocal?5static?5guard?8?$AA@ 0000000180016890     libvcruntime:undname.obj
 0002:000008a8       ??_C@_08OBABFOLI@?$GAstring?8?$AA@ 00000001800168a8     libvcruntime:undname.obj
 0002:000008b8       ??_C@_0BD@JDLKDPAB@?$GAvbase?5destructor?8?$AA@ 00000001800168b8     libvcruntime:undname.obj
 0002:000008d0       ??_C@_0BN@DEGPLNFK@?$GAvector?5deleting?5destructor?8?$AA@ 00000001800168d0     libvcruntime:undname.obj
 0002:000008f0       ??_C@_0BO@OBMKPJIG@?$GAdefault?5constructor?5closure?8?$AA@ 00000001800168f0     libvcruntime:undname.obj
 0002:00000910       ??_C@_0BN@IMDCHIKM@?$GAscalar?5deleting?5destructor?8?$AA@ 0000000180016910     libvcruntime:undname.obj
 0002:00000930       ??_C@_0BO@PFGOCPJJ@?$GAvector?5constructor?5iterator?8?$AA@ 0000000180016930     libvcruntime:undname.obj
 0002:00000950       ??_C@_0BN@LFPFMEDL@?$GAvector?5destructor?5iterator?8?$AA@ 0000000180016950     libvcruntime:undname.obj
 0002:00000970       ??_C@_0CE@IKBNEHA@?$GAvector?5vbase?5constructor?5iterat@ 0000000180016970     libvcruntime:undname.obj
 0002:00000998       ??_C@_0BL@NILFHHPC@?$GAvirtual?5displacement?5map?8?$AA@ 0000000180016998     libvcruntime:undname.obj
 0002:000009b8       ??_C@_0CB@JONCMFFK@?$GAeh?5vector?5constructor?5iterator?8@ 00000001800169b8     libvcruntime:undname.obj
 0002:000009e0       ??_C@_0CA@GCEOPDGL@?$GAeh?5vector?5destructor?5iterator?8?$AA@ 00000001800169e0     libvcruntime:undname.obj
 0002:00000a00       ??_C@_0CH@OOJPLCPH@?$GAeh?5vector?5vbase?5constructor?5ite@ 0000000180016a00     libvcruntime:undname.obj
 0002:00000a28       ??_C@_0BL@LLKPOHJI@?$GAcopy?5constructor?5closure?8?$AA@ 0000000180016a28     libvcruntime:undname.obj
 0002:00000a48       ??_C@_0BA@KBCDOMBN@?$GAudt?5returning?8?$AA@ 0000000180016a48     libvcruntime:undname.obj
 0002:00000a58       ??_C@_03KLGMFNMG@?$GAEH?$AA@ 0000000180016a58     libvcruntime:undname.obj
 0002:00000a5c       ??_C@_05KHLCHHI@?$GARTTI?$AA@ 0000000180016a5c     libvcruntime:undname.obj
 0002:00000a68       ??_C@_0BA@KKLDJDLB@?$GAlocal?5vftable?8?$AA@ 0000000180016a68     libvcruntime:undname.obj
 0002:00000a78       ??_C@_0CE@IIHCMGGL@?$GAlocal?5vftable?5constructor?5closu@ 0000000180016a78     libvcruntime:undname.obj
 0002:00000a9c       ??_C@_06FHBGPFGH@?5new?$FL?$FN?$AA@ 0000000180016a9c     libvcruntime:undname.obj
 0002:00000aa8       ??_C@_09LBNFPBCA@?5delete?$FL?$FN?$AA@ 0000000180016aa8     libvcruntime:undname.obj
 0002:00000ab8       ??_C@_0P@HJKNJFNN@?$GAomni?5callsig?8?$AA@ 0000000180016ab8     libvcruntime:undname.obj
 0002:00000ac8       ??_C@_0BL@CNOONJFP@?$GAplacement?5delete?5closure?8?$AA@ 0000000180016ac8     libvcruntime:undname.obj
 0002:00000ae8       ??_C@_0BN@CKNJLHMB@?$GAplacement?5delete?$FL?$FN?5closure?8?$AA@ 0000000180016ae8     libvcruntime:undname.obj
 0002:00000b08       ??_C@_0CG@CFDHKGGD@?$GAmanaged?5vector?5constructor?5iter@ 0000000180016b08     libvcruntime:undname.obj
 0002:00000b30       ??_C@_0CF@IMGKMJNO@?$GAmanaged?5vector?5destructor?5itera@ 0000000180016b30     libvcruntime:undname.obj
 0002:00000b58       ??_C@_0CG@HLDDJMAG@?$GAeh?5vector?5copy?5constructor?5iter@ 0000000180016b58     libvcruntime:undname.obj
 0002:00000b80       ??_C@_0CM@FCBBDIGB@?$GAeh?5vector?5vbase?5copy?5constructo@ 0000000180016b80     libvcruntime:undname.obj
 0002:00000bb0       ??_C@_0BL@CLIPGLGB@?$GAdynamic?5initializer?5for?5?8?$AA@ 0000000180016bb0     libvcruntime:undname.obj
 0002:00000bd0       ??_C@_0CB@PDBIFEP@?$GAdynamic?5atexit?5destructor?5for?5?8@ 0000000180016bd0     libvcruntime:undname.obj
 0002:00000bf8       ??_C@_0CD@CGAJBKEJ@?$GAvector?5copy?5constructor?5iterato@ 0000000180016bf8     libvcruntime:undname.obj
 0002:00000c20       ??_C@_0CJ@GJELGAMM@?$GAvector?5vbase?5copy?5constructor?5i@ 0000000180016c20     libvcruntime:undname.obj
 0002:00000c50       ??_C@_0CL@FGIJHLCE@?$GAmanaged?5vector?5copy?5constructor@ 0000000180016c50     libvcruntime:undname.obj
 0002:00000c80       ??_C@_0BM@PMGGMLDN@?$GAlocal?5static?5thread?5guard?8?$AA@ 0000000180016c80     libvcruntime:undname.obj
 0002:00000ca0       ??_C@_0N@BDNMDMOL@operator?5?$CC?$CC?5?$AA@ 0000000180016ca0     libvcruntime:undname.obj
 0002:00000fd8       ??_C@_0BC@DAFEJGAK@?5Type?5Descriptor?8?$AA@ 0000000180016fd8     libvcruntime:undname.obj
[...]
 0004:00000d80       $pdata$?fp_format_a@@YAHQEBNPEAD_KQEAD2H_NIQEAU__crt_locale_pointers@@@Z 0000000180024d80     libucrt:cvt.obj
 0004:00000d8c       $pdata$?fp_format_e@@YAHQEBNQEAD_K12H_NIQEAU__crt_locale_pointers@@@Z 0000000180024d8c     libucrt:cvt.obj
 0004:00000d98       $pdata$?fp_format_e_internal@@YAHQEAD_KH_NIQEAU_strflt@@2QEAU__crt_locale_pointers@@@Z 0000000180024d98     libucrt:cvt.obj
 0004:00000da4       $pdata$?fp_format_f_internal@@YAHQEAD_KHQEAU_strflt@@_NQEAU__crt_locale_pointers@@@Z 0000000180024da4     libucrt:cvt.obj
 0004:00000db0       $pdata$?fp_format_g@@YAHQEBNQEAD_K12H_NIQEAU__crt_locale_pointers@@@Z 0000000180024db0     libucrt:cvt.obj
 0004:00000dbc       $pdata$?fp_format_nan_or_infinity@@YAHW4__acrt_fp_class@@_NPEAD_K1@Z 0000000180024dbc     libucrt:cvt.obj
 0004:00000dc8       $pdata$__acrt_fp_format    0000000180024dc8     libucrt:cvt.obj
 0004:00000dd4       $pdata$_fputwc_nolock      0000000180024dd4     libucrt:fputwc.obj
 0004:00000de0       $pdata$_fileno             0000000180024de0     libucrt:fileno.obj
 0004:00000dec       $pdata$__acrt_uninitialize_locale 0000000180024dec     libucrt:wsetlocale.obj
 0004:00000df8       $pdata$__pctype_func       0000000180024df8     libucrt:ctype.obj
 0004:00000e04       $pdata$iswctype            0000000180024e04     libucrt:iswctype.obj
 0004:00000e10       $pdata$_isctype_l          0000000180024e10     libucrt:isctype.obj
 0004:00000e1c       $pdata$_fcloseall          0000000180024e1c     libucrt:closeall.obj
 0004:00000e28       $pdata$__acrt_stdio_free_buffer_nolock 0000000180024e28     libucrt:_freebuf.obj
 0004:00000e34       $pdata$??$?RV<lambda_b521505b218e5242e90febf6bfebc422>@@AEAV<lambda_6978c1fb23f02e42e1d9e99668cc68aa>@@V<lambda_314360699dd331753a4119843814e9a7>@@@?$__crt_seh_guarded_call@H@@QEAAH$$QEAV<lambda_b521505b218e5242e90febf6bfebc422>@@AEAV<lambda_6978c1fb23f02e42e1d9e99668cc68aa>@@$$QEAV<lambda_314360699dd331753a4119843814e9a7>@@@Z 0000000180024e34     libucrt:commit.obj
 0004:00000e40       $pdata$_commit             0000000180024e40     libucrt:commit.obj
 0004:00000e4c       $pdata$?write_double_translated_ansi_nolock@@YA?AUwrite_result@?A0x9c548279@@HQEBDI@Z 0000000180024e4c     libucrt:write.obj
 0004:00000e58       $pdata$?write_text_ansi_nolock@@YA?AUwrite_result@?A0x9c548279@@HQEBDI@Z 0000000180024e58     libucrt:write.obj
 0004:00000e64       $pdata$?write_text_utf16le_nolock@@YA?AUwrite_result@?A0x9c548279@@HQEBDI@Z 0000000180024e64     libucrt:write.obj
 0004:00000e70       $pdata$?write_text_utf8_nolock@@YA?AUwrite_result@?A0x9c548279@@HQEBDI@Z 0000000180024e70     libucrt:write.obj
 0004:00000e7c       $pdata$_write              0000000180024e7c     libucrt:write.obj
 0004:00000e88       $pdata$_write_nolock       0000000180024e88     libucrt:write.obj
 0004:00000e94       $pdata$__acrt_free_locale  0000000180024e94     libucrt:locale_refcounting.obj
 0004:00000ea0       $pdata$__acrt_locale_free_lc_time_if_unreferenced 0000000180024ea0     libucrt:locale_refcounting.obj
 0004:00000eac       $pdata$__acrt_release_locale_ref 0000000180024eac     libucrt:locale_refcounting.obj
 0004:00000eb8       $pdata$__acrt_update_thread_locale_data 0000000180024eb8     libucrt:locale_refcounting.obj
 0004:00000ec4       $pdata$_updatetlocinfoEx_nolock 0000000180024ec4     libucrt:locale_refcounting.obj
 0004:00000ed0       $pdata$?GetTableIndexFromLocaleName@@YAHPEB_W@Z 0000000180024ed0     libucrt:lcidtoname_downlevel.obj
 0004:00000edc       $pdata$__acrt_DownlevelLocaleNameToLCID 0000000180024edc     libucrt:lcidtoname_downlevel.obj
 0004:00000ee8       $pdata$?initialize_multibyte@@YAHXZ 0000000180024ee8     libucrt:multibyte_initializer.obj
 0004:00000ef4       $pdata$__acrt_GetStringTypeA 0000000180024ef4     libucrt:getstringtypea.obj
 0004:00000f00       $pdata$?__acrt_LCMapStringA_stat@@YAHPEAU__crt_locale_pointers@@PEB_WKPEBDHPEADHHH@Z 0000000180024f00     libucrt:lcmapstringa.obj
 0004:00000f0c       $pdata$__acrt_LCMapStringA 0000000180024f0c     libucrt:lcmapstringa.obj
 0004:00000f18       $pdata$_msize              0000000180024f18     libucrt:msize.obj
 0004:00000f24       $pdata$_realloc_base       0000000180024f24     libucrt:realloc_base.obj
 0004:00000f30       $pdata$__acrt_lowio_create_handle_array 0000000180024f30     libucrt:osfinfo.obj
 0004:00000f3c       $pdata$__acrt_lowio_destroy_handle_array 0000000180024f3c     libucrt:osfinfo.obj
 0004:00000f48       $pdata$__acrt_lowio_ensure_fh_exists 0000000180024f48     libucrt:osfinfo.obj
 0004:00000f54       $pdata$_free_osfhnd        0000000180024f54     libucrt:osfinfo.obj
 0004:00000f60       $pdata$_get_osfhandle      0000000180024f60     libucrt:osfinfo.obj
 0004:00000f6c       $pdata$_isatty             0000000180024f6c     libucrt:isatty.obj
 0004:00000f78       $pdata$_isleadbyte_l       0000000180024f78     libucrt:_wctype.obj
 0004:00000f84       $pdata$__acrt_fp_strflt_to_string 0000000180024f84     libucrt:_fptostr.obj
 0004:00000f90       $pdata$?divide@__crt_strtox@@YA_KAEAUbig_integer@1@AEBU21@@Z 0000000180024f90     libucrt:cfout.obj
 0004:00000f9c       $pdata$5$?divide@__crt_strtox@@YA_KAEAUbig_integer@1@AEBU21@@Z 0000000180024f9c     libucrt:cfout.obj
 0004:00000fa8       $pdata$6$?divide@__crt_strtox@@YA_KAEAUbig_integer@1@AEBU21@@Z 0000000180024fa8     libucrt:cfout.obj
 0004:00000fb4       $pdata$__acrt_fltout       0000000180024fb4     libucrt:cfout.obj
 0004:00000fc0       $pdata$memcpy_s            0000000180024fc0     libucrt:cfout.obj
 0004:00000fcc       $pdata$??$write_buffer_nolock@D@@YA_NDV__crt_stdio_stream@@@Z 0000000180024fcc     libucrt:_flsbuf.obj
 0004:00000fd8       $pdata$??$write_buffer_nolock@_W@@YA_N_WV__crt_stdio_stream@@@Z 0000000180024fd8     libucrt:_flsbuf.obj
 0004:00000fe4       $pdata$__acrt_stdio_flush_and_write_narrow_nolock 0000000180024fe4     libucrt:_flsbuf.obj
 0004:00000ff0       $pdata$__acrt_stdio_flush_and_write_wide_nolock 0000000180024ff0     libucrt:_flsbuf.obj
 0004:00000ffc       $pdata$__acrt_locale_free_monetary 0000000180024ffc     libucrt:initmon.obj
 0004:00001008       $pdata$__acrt_locale_free_numeric 0000000180025008     libucrt:initnum.obj
 0004:00001014       $pdata$?free_crt_array_internal@@YAXQEAPEBX_K@Z 0000000180025014     libucrt:inittime.obj
 0004:00001020       $pdata$__acrt_locale_free_time 0000000180025020     libucrt:inittime.obj
 0004:0000102c       $pdata$_fclose_nolock      000000018002502c     libucrt:fclose.obj
 0004:00001038       $pdata$fclose              0000000180025038     libucrt:fclose.obj
 0004:00001044       $pdata$??$common_lseek@_J@@YA_JH_JH@Z 0000000180025044     libucrt:lseek.obj
 0004:00001050       $pdata$??$common_lseek_nolock@_J@@YA_JH_JH@Z 0000000180025050     libucrt:lseek.obj
 0004:0000105c       $pdata$_putwch_nolock      000000018002505c     libucrt:putwch.obj
 0004:00001068       $pdata$fegetenv            0000000180025068     libucrt:fegetenv.obj
 0004:00001074       $pdata$fesetenv            0000000180025074     libucrt:fesetenv.obj
 0004:00001080       $pdata$feholdexcept        0000000180025080     libucrt:feholdexcept.obj
 0004:00001098       $pdata$__acrt_stdio_allocate_buffer_nolock 0000000180025098     libucrt:_getbuf.obj
 0004:000010a4       $pdata$??$?RV<lambda_bfedae4ebbf01fab1bb6dcc6a9e276e0>@@AEAV<lambda_2fe9b910cf3cbf4a0ab98a02ba45b3ec>@@V<lambda_237c231691f317818eb88cc1d5d642d6>@@@?$__crt_seh_guarded_call@H@@QEAAH$$QEAV<lambda_bfedae4ebbf01fab1bb6dcc6a9e276e0>@@AEAV<lambda_2fe9b910cf3cbf4a0ab98a02ba45b3ec>@@$$QEAV<lambda_237c231691f317818eb88cc1d5d642d6>@@@Z 00000001800250a4     libucrt:close.obj
 0004:000010b0       $pdata$_close              00000001800250b0     libucrt:close.obj
 0004:000010bc       $pdata$_close_nolock       00000001800250bc     libucrt:close.obj
 0004:000010c8       $pdata$__dcrt_lowio_initialize_console_output 00000001800250c8     libucrt:initcon.obj
 0004:000010d4       $pdata$__dcrt_terminate_console_output 00000001800250d4     libucrt:initcon.obj
 0004:000010e0       $pdata$_getfpcontrolword   00000001800250e0     libucrt:_fenvutils.obj
 0004:000010ec       $pdata$_getfpstatusword    00000001800250ec     libucrt:_fenvutils.obj
 0004:000010f8       $pdata$_setfpstatusword    00000001800250f8     libucrt:_fenvutils.obj
 0004:00001104       $pdata$_clearfp            0000000180025104     libucrt:ieee.obj
 0004:00001110       $pdata$common_control87    0000000180025110     libucrt:ieee.obj
 0004:0000111c       $pdata$_call_matherr       000000018002511c     libucrt:libm_error.obj
 0004:00001128       $pdata$_exception_enabled  0000000180025128     libucrt:libm_error.obj
 0004:00001134       $pdata$_handle_error       0000000180025134     libucrt:libm_error.obj
 0004:00001140       $pdata$__acrt_initialize_fma3 0000000180025140     libucrt:fma3_available.obj
 0004:0000114c       $pdata$_log10_special      000000018002514c     libucrt:log_special.obj
 0004:00001158       $pdata$_log_special_common 0000000180025158     libucrt:log_special.obj
 0004:00001170       $pdata$_raise_exc          0000000180025170     libucrt:fpexcept.obj
 0004:0000117c       $pdata$_raise_exc_ex       000000018002517c     libucrt:fpexcept.obj
 0004:00001188       $pdata$_set_errno_from_matherr 0000000180025188     libucrt:fpexcept.obj
 0004:00001194       $pdata$_clrfp              0000000180025194     libucrt:fpctrl.obj
 0004:000011a0       $pdata$_ctrlfp             00000001800251a0     libucrt:fpctrl.obj
 0004:000011ac       $pdata$_set_statfp         00000001800251ac     libucrt:fpctrl.obj
 0004:000011b8       $pdata$_statfp             00000001800251b8     libucrt:fpctrl.obj
 0004:000011c4       $pdata$_IsNonwritableInCurrentImage 00000001800251c4     LIBCMT:pesect.obj
 0004:000011d0       $pdata$__GSHandlerCheck    00000001800251d0     LIBCMT:_gshandler_.obj
 0004:000011dc       $pdata$__GSHandlerCheckCommon 00000001800251dc     LIBCMT:_gshandler_.obj
 0004:000011f4       $pdata$strrchr             00000001800251f4     libvcruntime:strrchr.obj
 0004:00001218       $pdata$__scrt_is_nonwritable_in_current_image$filt$0 0000000180025218     LIBCMT:utility.obj
 0004:00001224       $pdata$?fin$0@?0??dllmain_crt_process_attach@@YAHQEAUHINSTANCE__@@QEAX@Z@4HA 0000000180025224     LIBCMT:dll_dllmain.obj
 0004:00001230       $pdata$?fin$0@?0??dllmain_crt_process_detach@@YAH_N@Z@4HA 0000000180025230     LIBCMT:dll_dllmain.obj
 0004:0000123c       $pdata$?filt$0@?0??dllmain_dispatch@@YAHQEAUHINSTANCE__@@KQEAX@Z@4HA 000000018002523c     LIBCMT:dll_dllmain.obj
 0004:00001248       $pdata$_query_new_handler$fin$0 0000000180025248     libucrt:new_handler.obj
 0004:00001254       $pdata$?filt$0@?0??common_exit@@YAXHW4_crt_exit_cleanup_mode@@W4_crt_exit_return_mode@@@Z@4HA 0000000180025254     libucrt:exit.obj
 0004:00001260       $pdata$?fin$1@?0??common_exit@@YAXHW4_crt_exit_cleanup_mode@@W4_crt_exit_return_mode@@@Z@4HA 0000000180025260     libucrt:exit.obj
 0004:0000126c       $pdata$?fin$0@?0???$?RV<lambda_e24bbb7b643b32fcea6fa61b31d4c984>@@AEAV<lambda_275893d493268fdec8709772e3fcec0e>@@V<lambda_9d71df4d7cf3f480f8d633942495c3b0>@@@?$__crt_seh_guarded_call@H@@QEAAH$$QEAV<lambda_e24bbb7b643b32fcea6fa61b31d4c984>@@AEAV<lambda_275893d493268fdec8709772e3fcec0e>@@$$QEAV<lambda_9d71df4d7cf3f480f8d633942495c3b0>@@@Z@4HA 000000018002526c     libucrt:onexit.obj
 0004:00001278       $pdata$?fin$0@?0???$?RV<lambda_7b91131dde12e1c3dfc74ff76b3f2eac>@@AEAV<lambda_dd75445284c072d0bd3768540cc698fa>@@V<lambda_16bc4ecb55b4718497c16bceaea2ceaf>@@@?$__crt_seh_guarded_call@H@@QEAAH$$QEAV<lambda_7b91131dde12e1c3dfc74ff76b3f2eac>@@AEAV<lambda_dd75445284c072d0bd3768540cc698fa>@@$$QEAV<lambda_16bc4ecb55b4718497c16bceaea2ceaf>@@@Z@4HA 0000000180025278     libucrt:output.obj
 0004:00001278       $pdata$?fin$0@?0???$?RV<lambda_7a5ef57ff966f610505f1d28a3d40618>@@AEAV<lambda_b721fa326cdb32351d23dfa67958c160>@@V<lambda_5e0fb27672408a07956fe59e48ccb2aa>@@@?$__crt_seh_guarded_call@H@@QEAAH$$QEAV<lambda_7a5ef57ff966f610505f1d28a3d40618>@@AEAV<lambda_b721fa326cdb32351d23dfa67958c160>@@$$QEAV<lambda_5e0fb27672408a07956fe59e48ccb2aa>@@@Z@4HA 0000000180025278     libucrt:setvbuf.obj
 0004:00001284       $pdata$common_flush_all$fin$0 0000000180025284     libucrt:fflush.obj
 0004:00001290       $pdata$common_flush_all$fin$1 0000000180025290     libucrt:fflush.obj
 0004:0000129c       $pdata$raise$fin$0         000000018002529c     libucrt:signal.obj
 0004:000012a8       $pdata$?fin$0@?0???$?RV<lambda_46352004c1216016012b18bd6f87e700>@@AEAV<lambda_3bd07e1a1191394380780325891bf33f>@@V<lambda_334532d3f185bcaa59b5be82d7d22bff>@@@?$__crt_seh_guarded_call@X@@QEAAX$$QEAV<lambda_46352004c1216016012b18bd6f87e700>@@AEAV<lambda_3bd07e1a1191394380780325891bf33f>@@$$QEAV<lambda_334532d3f185bcaa59b5be82d7d22bff>@@@Z@4HA 00000001800252a8     libucrt:per_thread_data.obj
 0004:000012a8       $pdata$?fin$0@?0???$?RV<lambda_5e887d1dcbef67a5eb4283622ba103bf>@@AEAV<lambda_4466841279450cc726390878d4a41900>@@V<lambda_341c25c0346d94847f1f3c463c57e077>@@@?$__crt_seh_guarded_call@X@@QEAAX$$QEAV<lambda_5e887d1dcbef67a5eb4283622ba103bf>@@AEAV<lambda_4466841279450cc726390878d4a41900>@@$$QEAV<lambda_341c25c0346d94847f1f3c463c57e077>@@@Z@4HA 00000001800252a8     libucrt:per_thread_data.obj
 0004:000012a8       $pdata$?fin$0@?0???$?RV<lambda_b8c45f8f788dd370798f47cfe8ac3a86>@@AEAV<lambda_4e60a939b0d047cfe11ddc22648dfba9>@@V<lambda_332c3edc96d0294ec56c57d38c1cdfd5>@@@?$__crt_seh_guarded_call@H@@QEAAH$$QEAV<lambda_b8c45f8f788dd370798f47cfe8ac3a86>@@AEAV<lambda_4e60a939b0d047cfe11ddc22648dfba9>@@$$QEAV<lambda_332c3edc96d0294ec56c57d38c1cdfd5>@@@Z@4HA 00000001800252a8     libucrt:onexit.obj
 0004:000012a8       $pdata$?fin$0@?0???$?RV<lambda_c36588078e9f5dfd39652860aa6b3aaf>@@AEAV<lambda_ec61778202f4f5fc7e7711acc23c3bca>@@V<lambda_dc9d2797ccde5d239b4a0efae8ebd7db>@@@?$__crt_seh_guarded_call@P6AXH@Z@@QEAAP6AXH@Z$$QEAV<lambda_c36588078e9f5dfd39652860aa6b3aaf>@@AEAV<lambda_ec61778202f4f5fc7e7711acc23c3bca>@@$$QEAV<lambda_dc9d2797ccde5d239b4a0efae8ebd7db>@@@Z@4HA 00000001800252a8     libucrt:signal.obj
 0004:000012a8       $pdata$?fin$0@?0???$?RV<lambda_fb3a7dec4e47f37f22dae91bb15c9095>@@AEAV<lambda_698284760c8add0bfb0756c19673e34b>@@V<lambda_dfb8eca1e75fef3034a8fb18dd509707>@@@?$__crt_seh_guarded_call@X@@QEAAX$$QEAV<lambda_fb3a7dec4e47f37f22dae91bb15c9095>@@AEAV<lambda_698284760c8add0bfb0756c19673e34b>@@$$QEAV<lambda_dfb8eca1e75fef3034a8fb18dd509707>@@@Z@4HA 00000001800252a8     libucrt:per_thread_data.obj
 0004:000012a8       $pdata$?fin$0@?0???$?RV<lambda_72d1df2b273a38828b1ce30cbf4cdab5>@@AEAV<lambda_876a65b173b8412d3a47c70a915b0cf4>@@V<lambda_41932305e351933ebe8f8be3ed8bb5dc>@@@?$__crt_seh_guarded_call@X@@QEAAX$$QEAV<lambda_72d1df2b273a38828b1ce30cbf4cdab5>@@AEAV<lambda_876a65b173b8412d3a47c70a915b0cf4>@@$$QEAV<lambda_41932305e351933ebe8f8be3ed8bb5dc>@@@Z@4HA 00000001800252a8     libucrt:per_thread_data.obj
 0004:000012a8       $pdata$?fin$0@?0???$?RV<lambda_99476a1ad63dd22509b5d3e65b0ffc95>@@AEAV<lambda_ad1ced32f4ac17aa236e5ef05d6b3b7c>@@V<lambda_f7424dd8d45958661754dc4f2697e9c3>@@@?$__crt_seh_guarded_call@X@@QEAAX$$QEAV<lambda_99476a1ad63dd22509b5d3e65b0ffc95>@@AEAV<lambda_ad1ced32f4ac17aa236e5ef05d6b3b7c>@@$$QEAV<lambda_f7424dd8d45958661754dc4f2697e9c3>@@@Z@4HA 00000001800252a8     libucrt:mbctype.obj
 0004:000012b4       $pdata$__acrt_update_thread_multibyte_data$fin$0 00000001800252b4     libucrt:mbctype.obj
 0004:000012c0       $pdata$__acrt_initialize_lowio$fin$0 00000001800252c0     libucrt:ioinit.obj
 0004:000012c0       $pdata$__acrt_lowio_ensure_fh_exists$fin$0 00000001800252c0     libucrt:osfinfo.obj
 0004:000012cc       $pdata$__acrt_uninitialize_locale$fin$0 00000001800252cc     libucrt:wsetlocale.obj
 0004:000012cc       $pdata$__acrt_update_thread_locale_data$fin$0 00000001800252cc     libucrt:locale_refcounting.obj
 0004:000012d8       $pdata$_fcloseall$fin$0    00000001800252d8     libucrt:closeall.obj
 0004:000012e4       $pdata$?fin$0@?0???$common_lseek@_J@@YA_JH_JH@Z@4HA 00000001800252e4     libucrt:lseek.obj
 0004:000012e4       $pdata$_write$fin$0        00000001800252e4     libucrt:write.obj
 0004:000012f0       $pdata$fflush$fin$0        00000001800252f0     libucrt:fflush.obj
 0004:000012f0       $pdata$fclose$fin$0        00000001800252f0     libucrt:fclose.obj
 0004:000012fc       $pdata$?fin$0@?0???$?RV<lambda_b521505b218e5242e90febf6bfebc422>@@AEAV<lambda_6978c1fb23f02e42e1d9e99668cc68aa>@@V<lambda_314360699dd331753a4119843814e9a7>@@@?$__crt_seh_guarded_call@H@@QEAAH$$QEAV<lambda_b521505b218e5242e90febf6bfebc422>@@AEAV<lambda_6978c1fb23f02e42e1d9e99668cc68aa>@@$$QEAV<lambda_314360699dd331753a4119843814e9a7>@@@Z@4HA 00000001800252fc     libucrt:commit.obj
 0004:000012fc       $pdata$?fin$0@?0???$?RV<lambda_bfedae4ebbf01fab1bb6dcc6a9e276e0>@@AEAV<lambda_2fe9b910cf3cbf4a0ab98a02ba45b3ec>@@V<lambda_237c231691f317818eb88cc1d5d642d6>@@@?$__crt_seh_guarded_call@H@@QEAAH$$QEAV<lambda_bfedae4ebbf01fab1bb6dcc6a9e276e0>@@AEAV<lambda_2fe9b910cf3cbf4a0ab98a02ba45b3ec>@@$$QEAV<lambda_237c231691f317818eb88cc1d5d642d6>@@@Z@4HA 00000001800252fc     libucrt:close.obj
 0004:00001308       $pdata$common_control87$filt$0 0000000180025308     libucrt:ieee.obj
 0004:00001308       $pdata$_ctrlfp$filt$0      0000000180025308     libucrt:fpctrl.obj
 0004:00001314       $pdata$_IsNonwritableInCurrentImage$filt$0 0000000180025314     LIBCMT:pesect.obj
 0005:00000000       __guard_fids__             0000000180026000     libucrt:initialization.obj
 0005:00000060       __guard_fids___acrt_show_wide_message_box 0000000180026060     libucrt:crtmbox.obj
 0005:00000064       __guard_fids___acrt_initialize_ptd 0000000180026064     libucrt:per_thread_data.obj
 0005:00000068       __guard_fids__             0000000180026068     libucrt:stdio_initializer.obj
 0005:0000006c       __guard_fids__             000000018002606c     libucrt:stdio_initializer.obj
 0005:00000070       __guard_fids__             0000000180026070     libucrt:multibyte_initializer.obj
 0005:00000074       __guard_fids__             0000000180026074     libucrt:locale_initializer.obj
 0005:00000078       __guard_fids__             0000000180026078     libucrt:console_output_initializer.obj
 0005:0000007c       __guard_fids__             000000018002607c     libucrt:fma3_initializer.obj
 0005:00000080       __guard_fids__             0000000180026080     libcpmt:xthrow.obj
 0005:00000088       __guard_fids__             0000000180026088     libcpmt:xthrow.obj
 0005:00000090       __guard_fids__             0000000180026090     libcpmt:xthrow.obj
 0005:00000098       __guard_fids__             0000000180026098     libcpmt:xthrow.obj
 0005:000000a0       __guard_fids__             00000001800260a0     libcpmt:xthrow.obj
 0005:000000a8       __guard_fids_?dllmain_crt_process_attach@@YAHQEAUHINSTANCE__@@QEAX@Z 00000001800260a8     LIBCMT:dll_dllmain.obj
 0005:000000b0       __guard_fids_?dllmain_dispatch@@YAHQEAUHINSTANCE__@@KQEAX@Z 00000001800260b0     LIBCMT:dll_dllmain.obj
 0005:000000b4       __guard_fids__             00000001800260b4     LIBCMT:std_type_info_static.obj
 0005:000000b8       __guard_fids__             00000001800260b8     LIBCMT:throw_bad_alloc.obj
 0005:000000c0       __guard_fids__             00000001800260c0     LIBCMT:guard_support.obj
 0005:000000c4       __guard_fids__             00000001800260c4     libvcruntime:telemetry.obj
 0005:000000c8       __guard_fids_?TraceLoggingRegister@__vcrt_trace_logging_provider@@YAJPEBU_TlgProvider_t@1@PEBU_GUID@@P6AX1KE_K2PEAU_EVENT_FILTER_DESCRIPTOR@@PEAX@Z4@Z 00000001800260c8     libvcruntime:telemetry.obj
 0005:000000cc       __guard_fids___vcrt_initialize_ptd 00000001800260cc     libvcruntime:per_thread_data.obj
 0006:00000060       $R000000                   0000000180027060     * linker generated manifest res *

 Exports

  ordinal    name

        1    _register_NativeExtension_
